******************************************************************************
                  TI ARM Linker PC v20.2.7                     
******************************************************************************
>> Linked Tue Oct 31 18:32:46 2023

OUTPUT FILE NAME:   <lab_10.out>
ENTRY POINT SYMBOL: "_c_int00_noargs"  address: 00002965


MEMORY CONFIGURATION

         name            origin    length      used     unused   attr    fill
----------------------  --------  ---------  --------  --------  ----  --------
  FLASH                 00000000   00040000  00002c55  0003d3ab  R  X
  SRAM                  20000000   00008000  000006d2  0000792e  RW X


SEGMENT ALLOCATION MAP

run origin  load origin   length   init length attrs members
----------  ----------- ---------- ----------- ----- -------
00000000    00000000    00002c58   00002c58    r-x
  00000000    00000000    0000026c   0000026c    r-- .intvecs
  0000026c    0000026c    00002898   00002898    r-x .text
  00002b04    00002b04    00000109   00000109    r-- .const
  00002c10    00002c10    00000048   00000048    r-- .cinit
20000000    20000000    000006d6   00000000    rw-
  20000000    20000000    0000026c   00000000    rw- .vtable
  20000270    20000270    00000400   00000000    rw- .stack
  20000670    20000670    00000058   00000000    rw- .bss
  200006c8    200006c8    0000000e   00000000    rw- .data


SECTION ALLOCATION MAP

 output                                  attributes/
section   page    origin      length       input sections
--------  ----  ----------  ----------   ----------------
.intvecs   0    00000000    0000026c     
                  00000000    0000026c     tm4c123gh6pm_startup_ccs.obj (.intvecs)

.text      0    0000026c    00002898     
                  0000026c    00000a4e     rtsv7M4_T_le_v4SPD16_eabi.lib : _printfi.c.obj (.text:__TI_printfi)
                  00000cba    00000002                                   : div0.asm.obj (.text)
                  00000cbc    00000328     lcd.obj (.text)
                  00000fe4    000002a4     servo.obj (.text)
                  00001288    00000270     rtsv7M4_T_le_v4SPD16_eabi.lib : _printfi.c.obj (.text:_pconv_a)
                  000014f8    00000248     Timer.obj (.text)
                  00001740    000001d0     rtsv7M4_T_le_v4SPD16_eabi.lib : _printfi.c.obj (.text:_pconv_g)
                  00001910    000001b6                                   : fd_add_t2.asm.obj (.text)
                  00001ac6    00000002     --HOLE-- [fill = 0]
                  00001ac8    00000148     main.obj (.text)
                  00001c10    0000013c     rtsv7M4_T_le_v4SPD16_eabi.lib : _printfi.c.obj (.text:_pconv_e)
                  00001d4c    00000136                                   : fd_div_t2.asm.obj (.text)
                  00001e82    00000002     --HOLE-- [fill = 0]
                  00001e84    00000124                                   : _printfi.c.obj (.text:fcvt)
                  00001fa8    00000110                                   : s_scalbn.c.obj (.text:scalbn)
                  000020b8    000000fc                                   : fd_mul_t2.asm.obj (.text)
                  000021b4    000000b1                                   : _printfi.c.obj (.text:_ltostr)
                  00002265    00000001     --HOLE-- [fill = 0]
                  00002266    0000009c                                   : memcpy_t2.asm.obj (.text)
                  00002302    00000096                                   : ull_div_t2.asm.obj (.text)
                  00002398    00000086                                   : fd_cmp_t2.asm.obj (.text:__aeabi_cdcmple)
                  0000241e    00000086                                   : fd_cmp_t2.asm.obj (.text:__aeabi_cdrcmple)
                  000024a4    00000084     buttons.obj (.text)
                  00002528    0000007a     rtsv7M4_T_le_v4SPD16_eabi.lib : memset_t2.asm.obj (.text)
                  000025a2    0000006e                                   : _printfi.c.obj (.text:_mcpy)
                  00002610    00000068                                   : copy_decompress_lzss.c.obj (.text:decompress:lzss:__TI_decompress_lzss)
                  00002678    00000064                                   : s_frexp.c.obj (.text:frexp)
                  000026dc    00000056                                   : _printfi.c.obj (.text:_pconv_f)
                  00002732    00000054                                   : _ltoa.c.obj (.text:__TI_ltoa)
                  00002786    00000052                                   : _printfi.c.obj (.text:_ecpy)
                  000027d8    0000004c                                   : atoi.c.obj (.text:atoi)
                  00002824    00000048                                   : fd_toi_t2.asm.obj (.text)
                  0000286c    00000044                                   : autoinit.c.obj (.text:__TI_auto_init_nobinit_nopinit:__TI_auto_init_nobinit_nopinit)
                  000028b0    00000040                                   : vsnprintf.c.obj (.text:vsnprintf)
                  000028f0    0000003e                                   : _printfi.c.obj (.text:_fcpy)
                  0000292e    00000002     --HOLE-- [fill = 0]
                  00002930    00000034     driverlib.lib : interrupt.obj (.text:IntRegister)
                  00002964    00000034     rtsv7M4_T_le_v4SPD16_eabi.lib : boot_cortex_m.c.obj (.text:_c_int00_noargs:_c_int00_noargs)
                  00002998    00000030                                   : vsnprintf.c.obj (.text:_outs)
                  000029c8    0000002e                                   : i_tofd_t2.asm.obj (.text)
                  000029f6    0000001c                                   : copy_zero_init.c.obj (.text:decompress:ZI:__TI_zero_init_nomemset:__TI_zero_init_nomemset)
                  00002a12    0000001c                                   : memccpy.c.obj (.text:memccpy)
                  00002a2e    0000001a                                   : s_copysign.c.obj (.text:copysign)
                  00002a48    00000018                                   : vsnprintf.c.obj (.text:_outc)
                  00002a60    00000018                                   : strcmp.c.obj (.text:strcmp)
                  00002a78    00000016                                   : strchr.c.obj (.text:strchr)
                  00002a8e    00000014                                   : strcpy.c.obj (.text:strcpy)
                  00002aa2    00000014                                   : strlen.c.obj (.text:strlen)
                  00002ab6    00000012                                   : wcslen.c.obj (.text:wcslen)
                  00002ac8    00000010     lcd.obj (.text:lcd_clear)
                  00002ad8    0000000e     rtsv7M4_T_le_v4SPD16_eabi.lib : copy_decompress_none.c.obj (.text:decompress:none:__TI_decompress_none)
                  00002ae6    0000000c     tm4c123gh6pm_startup_ccs.obj (.text)
                  00002af2    00000002     --HOLE-- [fill = 0]
                  00002af4    00000008     rtsv7M4_T_le_v4SPD16_eabi.lib : errno.c.obj (.text:__aeabi_errno_addr)
                  00002afc    00000004                                   : pre_init.c.obj (.text:_system_pre_init)
                  00002b00    00000004                                   : exit.c.obj (.text:abort:abort)

.const     0    00002b04    00000109     
                  00002b04    00000101     rtsv7M4_T_le_v4SPD16_eabi.lib : ctype.c.obj (.const:.string:_ctypes_)
                  00002c05    00000004     lcd.obj (.const:.string:lineAddress$1)
                  00002c09    00000004     lcd.obj (.const:.string:lineAddresses$2)

.cinit     0    00002c10    00000048     
                  00002c10    0000000f     (.cinit..data.load) [load image, compression = lzss]
                  00002c1f    00000001     --HOLE-- [fill = 0]
                  00002c20    0000000c     (__TI_handler_table)
                  00002c2c    00000004     --HOLE-- [fill = 0]
                  00002c30    00000008     (.cinit..bss.load) [load image, compression = zero_init]
                  00002c38    00000008     (.cinit..vtable.load) [load image, compression = zero_init]
                  00002c40    00000018     (__TI_cinit_table)

.init_array 
*          0    00000000    00000000     UNINITIALIZED

.vtable    0    20000000    0000026c     UNINITIALIZED
                  20000000    0000026c     driverlib.lib : interrupt.obj (.vtable)

.bss       0    20000670    00000058     UNINITIALIZED
                  20000670    00000054     lcd.obj (.bss:lastbuffer$3)
                  200006c4    00000004     (.common:_timeout_ticks)

.data      0    200006c8    0000000e     UNINITIALIZED
                  200006c8    00000008     servo.obj (.data)
                  200006d0    00000004     rtsv7M4_T_le_v4SPD16_eabi.lib : errno.c.obj (.data)
                  200006d4    00000001     Timer.obj (.data)
                  200006d5    00000001     buttons.obj (.data)

.stack     0    20000270    00000400     UNINITIALIZED
                  20000270    00000004     rtsv7M4_T_le_v4SPD16_eabi.lib : boot_cortex_m.c.obj (.stack)
                  20000274    000003fc     --HOLE--

__llvm_prf_cnts 
*          0    20000000    00000000     UNINITIALIZED

MODULE SUMMARY

       Module                         code    ro data   rw data
       ------                         ----    -------   -------
    .\
       lcd.obj                        824     8         84     
       servo.obj                      676     0         8      
       tm4c123gh6pm_startup_ccs.obj   12      620       0      
       Timer.obj                      584     0         5      
       main.obj                       328     0         0      
       buttons.obj                    132     0         1      
    +--+------------------------------+-------+---------+---------+
       Total:                         2556    628       98     
                                                               
    C:/ti/TivaWare_C_Series-2.2.0.295/driverlib/ccs/Debug/driverlib.lib
       interrupt.obj                  52      0         620    
    +--+------------------------------+-------+---------+---------+
       Total:                         52      0         620    
                                                               
    C:\ti\ccs1230\ccs\tools\compiler\ti-cgt-arm_20.2.7.LTS\lib\rtsv7M4_T_le_v4SPD16_eabi.lib
       _printfi.c.obj                 4851    0         0      
       fd_add_t2.asm.obj              438     0         0      
       fd_div_t2.asm.obj              310     0         0      
       s_scalbn.c.obj                 272     0         0      
       fd_cmp_t2.asm.obj              268     0         0      
       ctype.c.obj                    0       257       0      
       fd_mul_t2.asm.obj              252     0         0      
       memcpy_t2.asm.obj              156     0         0      
       ull_div_t2.asm.obj             150     0         0      
       vsnprintf.c.obj                136     0         0      
       memset_t2.asm.obj              122     0         0      
       copy_decompress_lzss.c.obj     104     0         0      
       s_frexp.c.obj                  100     0         0      
       _ltoa.c.obj                    84      0         0      
       atoi.c.obj                     76      0         0      
       fd_toi_t2.asm.obj              72      0         0      
       autoinit.c.obj                 68      0         0      
       boot_cortex_m.c.obj            52      0         0      
       i_tofd_t2.asm.obj              46      0         0      
       copy_zero_init.c.obj           28      0         0      
       memccpy.c.obj                  28      0         0      
       s_copysign.c.obj               26      0         0      
       strcmp.c.obj                   24      0         0      
       strchr.c.obj                   22      0         0      
       strcpy.c.obj                   20      0         0      
       strlen.c.obj                   20      0         0      
       wcslen.c.obj                   18      0         0      
       copy_decompress_none.c.obj     14      0         0      
       errno.c.obj                    8       0         4      
       exit.c.obj                     4       0         0      
       pre_init.c.obj                 4       0         0      
       div0.asm.obj                   2       0         0      
    +--+------------------------------+-------+---------+---------+
       Total:                         7775    257       4      
                                                               
       Stack:                         0       0         1024   
       Linker Generated:              0       67        0      
    +--+------------------------------+-------+---------+---------+
       Grand Total:                   10383   952       1746   


LINKER GENERATED COPY TABLES

__TI_cinit_table @ 00002c40 records: 3, size/record: 8, table size: 24
	.data: load addr=00002c10, load size=0000000f bytes, run addr=200006c8, run size=0000000e bytes, compression=lzss
	.bss: load addr=00002c30, load size=00000008 bytes, run addr=20000670, run size=00000058 bytes, compression=zero_init
	.vtable: load addr=00002c38, load size=00000008 bytes, run addr=20000000, run size=0000026c bytes, compression=zero_init


LINKER GENERATED HANDLER TABLE

__TI_handler_table @ 00002c20 records: 3, size/record: 4, table size: 12
	index: 0, handler: __TI_zero_init
	index: 1, handler: __TI_decompress_lzss
	index: 2, handler: __TI_decompress_none


GLOBAL SYMBOLS: SORTED ALPHABETICALLY BY Name 

address   name                          
-------   ----                          
00002b01  C$$EXIT                       
00002931  IntRegister                   
00002ae7  ResetISR                      
20000670  __STACK_END                   
00000400  __STACK_SIZE                  
20000470  __STACK_TOP                   
00002c40  __TI_CINIT_Base               
00002c58  __TI_CINIT_Limit              
00002c20  __TI_Handler_Table_Base       
00002c2c  __TI_Handler_Table_Limit      
0000286d  __TI_auto_init_nobinit_nopinit
00002611  __TI_decompress_lzss          
00002ad9  __TI_decompress_none          
00002733  __TI_ltoa                     
ffffffff  __TI_pprof_out_hndl           
0000026d  __TI_printfi                  
ffffffff  __TI_prof_data_size           
ffffffff  __TI_prof_data_start          
00000000  __TI_static_base__            
000029f7  __TI_zero_init_nomemset       
00002399  __aeabi_cdcmpeq               
00002399  __aeabi_cdcmple               
0000241f  __aeabi_cdrcmple              
00002825  __aeabi_d2iz                  
0000191b  __aeabi_dadd                  
00001d4d  __aeabi_ddiv                  
000020b9  __aeabi_dmul                  
00001911  __aeabi_dsub                  
00002af5  __aeabi_errno_addr            
000029c9  __aeabi_i2d                   
00000cbb  __aeabi_idiv0                 
00000cbb  __aeabi_ldiv0                 
00002529  __aeabi_memclr                
00002529  __aeabi_memclr4               
00002529  __aeabi_memclr8               
00002267  __aeabi_memcpy                
00002267  __aeabi_memcpy4               
00002267  __aeabi_memcpy8               
0000252b  __aeabi_memset                
0000252b  __aeabi_memset4               
0000252b  __aeabi_memset8               
00002303  __aeabi_uldivmod              
ffffffff  __binit__                     
ffffffff  __c_args__                    
UNDEFED   __mpu_init                    
20000270  __stack                       
20000000  __start___llvm_prf_cnts       
20000000  __stop___llvm_prf_cnts        
00002965  _c_int00_noargs               
00002b04  _ctypes_                      
200006d4  _running                      
UNDEFED   _system_post_cinit            
00002afd  _system_pre_init              
200006c4  _timeout_ticks                
00002b01  abort                         
000027d9  atoi                          
ffffffff  binit                         
000024db  button_getButton              
000024a5  button_init                   
00002a2f  copysign                      
00002a2f  copysignl                     
200006cc  end_value                     
200006d0  errno                         
00002679  frexp                         
00002679  frexpl                        
20000000  g_pfnRAMVectors               
00000000  g_pfnVectors                  
00002ac9  lcd_clear                     
00000e91  lcd_gotoLine                  
00000cf9  lcd_init                      
00000ef7  lcd_printf                    
00000db9  lcd_putc                      
00000df1  lcd_puts                      
00000cbd  lcd_reverseNibble             
00000e0f  lcd_sendCommand               
00000e4d  lcd_sendNibble                
00000eb9  lcd_setCursorPos              
00001fa9  ldexp                         
00001fa9  ldexpl                        
00001ac9  main                          
00002a13  memccpy                       
00002267  memcpy                        
00002531  memset                        
00001fa9  scalbn                        
00001fa9  scalbnl                       
0000112b  servo_calibrate               
0000106d  servo_init                    
000010f1  servo_move                    
200006c8  start_value                   
00002a79  strchr                        
00002a61  strcmp                        
00002a8f  strcpy                        
00002aa3  strlen                        
00001617  timer_getMicros               
000015bf  timer_getMillis               
000014f9  timer_init                    
0000159b  timer_pause                   
000015ad  timer_resume                  
00001571  timer_stop                    
00001671  timer_waitMicros              
000016a3  timer_waitMillis              
000028b1  vsnprintf                     
00002ab7  wcslen                        


GLOBAL SYMBOLS: SORTED BY Symbol Address 

address   name                          
-------   ----                          
00000000  __TI_static_base__            
00000000  g_pfnVectors                  
0000026d  __TI_printfi                  
00000400  __STACK_SIZE                  
00000cbb  __aeabi_idiv0                 
00000cbb  __aeabi_ldiv0                 
00000cbd  lcd_reverseNibble             
00000cf9  lcd_init                      
00000db9  lcd_putc                      
00000df1  lcd_puts                      
00000e0f  lcd_sendCommand               
00000e4d  lcd_sendNibble                
00000e91  lcd_gotoLine                  
00000eb9  lcd_setCursorPos              
00000ef7  lcd_printf                    
0000106d  servo_init                    
000010f1  servo_move                    
0000112b  servo_calibrate               
000014f9  timer_init                    
00001571  timer_stop                    
0000159b  timer_pause                   
000015ad  timer_resume                  
000015bf  timer_getMillis               
00001617  timer_getMicros               
00001671  timer_waitMicros              
000016a3  timer_waitMillis              
00001911  __aeabi_dsub                  
0000191b  __aeabi_dadd                  
00001ac9  main                          
00001d4d  __aeabi_ddiv                  
00001fa9  ldexp                         
00001fa9  ldexpl                        
00001fa9  scalbn                        
00001fa9  scalbnl                       
000020b9  __aeabi_dmul                  
00002267  __aeabi_memcpy                
00002267  __aeabi_memcpy4               
00002267  __aeabi_memcpy8               
00002267  memcpy                        
00002303  __aeabi_uldivmod              
00002399  __aeabi_cdcmpeq               
00002399  __aeabi_cdcmple               
0000241f  __aeabi_cdrcmple              
000024a5  button_init                   
000024db  button_getButton              
00002529  __aeabi_memclr                
00002529  __aeabi_memclr4               
00002529  __aeabi_memclr8               
0000252b  __aeabi_memset                
0000252b  __aeabi_memset4               
0000252b  __aeabi_memset8               
00002531  memset                        
00002611  __TI_decompress_lzss          
00002679  frexp                         
00002679  frexpl                        
00002733  __TI_ltoa                     
000027d9  atoi                          
00002825  __aeabi_d2iz                  
0000286d  __TI_auto_init_nobinit_nopinit
000028b1  vsnprintf                     
00002931  IntRegister                   
00002965  _c_int00_noargs               
000029c9  __aeabi_i2d                   
000029f7  __TI_zero_init_nomemset       
00002a13  memccpy                       
00002a2f  copysign                      
00002a2f  copysignl                     
00002a61  strcmp                        
00002a79  strchr                        
00002a8f  strcpy                        
00002aa3  strlen                        
00002ab7  wcslen                        
00002ac9  lcd_clear                     
00002ad9  __TI_decompress_none          
00002ae7  ResetISR                      
00002af5  __aeabi_errno_addr            
00002afd  _system_pre_init              
00002b01  C$$EXIT                       
00002b01  abort                         
00002b04  _ctypes_                      
00002c20  __TI_Handler_Table_Base       
00002c2c  __TI_Handler_Table_Limit      
00002c40  __TI_CINIT_Base               
00002c58  __TI_CINIT_Limit              
20000000  __start___llvm_prf_cnts       
20000000  __stop___llvm_prf_cnts        
20000000  g_pfnRAMVectors               
20000270  __stack                       
20000470  __STACK_TOP                   
20000670  __STACK_END                   
200006c4  _timeout_ticks                
200006c8  start_value                   
200006cc  end_value                     
200006d0  errno                         
200006d4  _running                      
ffffffff  __TI_pprof_out_hndl           
ffffffff  __TI_prof_data_size           
ffffffff  __TI_prof_data_start          
ffffffff  __binit__                     
ffffffff  __c_args__                    
ffffffff  binit                         
UNDEFED   __mpu_init                    
UNDEFED   _system_post_cinit            

[103 symbols]
