******************************************************************************
                  TI ARM Linker PC v20.2.7                     
******************************************************************************
>> Linked Tue Nov 28 17:06:43 2023

OUTPUT FILE NAME:   <lab_10-CrossingStreets.out>
ENTRY POINT SYMBOL: "_c_int00_noargs"  address: 00003ee5


MEMORY CONFIGURATION

         name            origin    length      used     unused   attr    fill
----------------------  --------  ---------  --------  --------  ----  --------
  FLASH                 00000000   00040000  0000427c  0003bd84  R  X
  SRAM                  20000000   00008000  00000b1c  000074e4  RW X


SEGMENT ALLOCATION MAP

run origin  load origin   length   init length attrs members
----------  ----------- ---------- ----------- ----- -------
00000000    00000000    00004280   00004280    r-x
  00000000    00000000    0000026c   0000026c    r-- .intvecs
  0000026c    0000026c    00003e98   00003e98    r-x .text
  00004104    00004104    00000118   00000118    r-- .const
  00004220    00004220    00000060   00000060    r-- .cinit
20000000    20000000    00000b20   00000000    rw-
  20000000    20000000    0000026c   00000000    rw- .vtable
  20000270    20000270    00000400   00000000    rw- .stack
  20000670    20000670    00000400   00000000    rw- .sysmem
  20000a70    20000a70    00000070   00000000    rw- .bss
  20000ae0    20000ae0    00000040   00000000    rw- .data


SECTION ALLOCATION MAP

 output                                  attributes/
section   page    origin      length       input sections
--------  ----  ----------  ----------   ----------------
.intvecs   0    00000000    0000026c     
                  00000000    0000026c     tm4c123gh6pm_startup_ccs.obj (.intvecs)

.text      0    0000026c    00003e98     
                  0000026c    00000c20     open_interface.obj (.text)
                  00000e8c    00000a4e     rtsv7M4_T_le_v4SPD16_eabi.lib : _printfi.c.obj (.text:__TI_printfi)
                  000018da    00000002                                   : _lock.c.obj (.text:_nop)
                  000018dc    00000328     lcd.obj (.text)
                  00001c04    00000318     movement.obj (.text)
                  00001f1c    000002a0     servo.obj (.text)
                  000021bc    00000270     rtsv7M4_T_le_v4SPD16_eabi.lib : _printfi.c.obj (.text:_pconv_a)
                  0000242c    00000270     part3working.obj (.text)
                  0000269c    00000248     Timer.obj (.text)
                  000028e4    000001f0     uart.obj (.text)
                  00002ad4    000001d0     rtsv7M4_T_le_v4SPD16_eabi.lib : _printfi.c.obj (.text:_pconv_g)
                  00002ca4    000001b6                                   : fd_add_t2.asm.obj (.text)
                  00002e5a    00000002                                   : div0.asm.obj (.text)
                  00002e5c    0000013c                                   : _printfi.c.obj (.text:_pconv_e)
                  00002f98    00000136                                   : fd_div_t2.asm.obj (.text)
                  000030ce    00000002     --HOLE-- [fill = 0]
                  000030d0    00000124                                   : _printfi.c.obj (.text:fcvt)
                  000031f4    00000110                                   : s_scalbn.c.obj (.text:scalbn)
                  00003304    00000100                                   : memory.c.obj (.text:aligned_alloc)
                  00003404    000000fc                                   : fd_mul_t2.asm.obj (.text)
                  00003500    000000e4                                   : memory.c.obj (.text:free)
                  000035e4    000000b1                                   : _printfi.c.obj (.text:_ltostr)
                  00003695    00000001     --HOLE-- [fill = 0]
                  00003696    0000009c                                   : memcpy_t2.asm.obj (.text)
                  00003732    00000096                                   : ull_div_t2.asm.obj (.text)
                  000037c8    00000086                                   : fd_cmp_t2.asm.obj (.text:__aeabi_cdcmple)
                  0000384e    00000086                                   : fd_cmp_t2.asm.obj (.text:__aeabi_cdrcmple)
                  000038d4    00000084     buttons.obj (.text)
                  00003958    0000007a     rtsv7M4_T_le_v4SPD16_eabi.lib : memset_t2.asm.obj (.text)
                  000039d2    00000002     --HOLE-- [fill = 0]
                  000039d4    00000070                                   : memory.c.obj (.text:split)
                  00003a44    0000006e                                   : _printfi.c.obj (.text:_mcpy)
                  00003ab2    0000006e                                   : fd_tos_t2.asm.obj (.text)
                  00003b20    00000068                                   : copy_decompress_lzss.c.obj (.text:decompress:lzss:__TI_decompress_lzss)
                  00003b88    00000064                                   : s_frexp.c.obj (.text:frexp)
                  00003bec    00000056                                   : _printfi.c.obj (.text:_pconv_f)
                  00003c42    00000054                                   : _ltoa.c.obj (.text:__TI_ltoa)
                  00003c96    00000052                                   : _printfi.c.obj (.text:_ecpy)
                  00003ce8    0000004c                                   : atoi.c.obj (.text:atoi)
                  00003d34    00000048                                   : fd_toi_t2.asm.obj (.text)
                  00003d7c    00000044                                   : autoinit.c.obj (.text:__TI_auto_init_nobinit_nopinit:__TI_auto_init_nobinit_nopinit)
                  00003dc0    00000040                                   : vsnprintf.c.obj (.text:vsnprintf)
                  00003e00    0000003e                                   : _printfi.c.obj (.text:_fcpy)
                  00003e3e    00000002     --HOLE-- [fill = 0]
                  00003e40    00000038                                   : memory.c.obj (.text:calloc)
                  00003e78    00000038                                   : fs_tod_t2.asm.obj (.text)
                  00003eb0    00000034     driverlib.lib : interrupt.obj (.text:IntRegister)
                  00003ee4    00000034     rtsv7M4_T_le_v4SPD16_eabi.lib : boot_cortex_m.c.obj (.text:_c_int00_noargs:_c_int00_noargs)
                  00003f18    00000030                                   : vsnprintf.c.obj (.text:_outs)
                  00003f48    0000002e                                   : i_tofd_t2.asm.obj (.text)
                  00003f76    00000002     --HOLE-- [fill = 0]
                  00003f78    00000028                                   : memory.c.obj (.text:free_list_insert)
                  00003fa0    0000001c                                   : copy_zero_init.c.obj (.text:decompress:ZI:__TI_zero_init_nomemset:__TI_zero_init_nomemset)
                  00003fbc    0000001c                                   : memory.c.obj (.text:free_list_remove)
                  00003fd8    0000001c                                   : memccpy.c.obj (.text:memccpy)
                  00003ff4    0000001a                                   : s_copysign.c.obj (.text:copysign)
                  0000400e    00000018                                   : vsnprintf.c.obj (.text:_outc)
                  00004026    00000018     open_interface.obj (.text:oi_parseInt)
                  0000403e    00000018     rtsv7M4_T_le_v4SPD16_eabi.lib : strcmp.c.obj (.text:strcmp)
                  00004056    00000016                                   : strchr.c.obj (.text:strchr)
                  0000406c    00000014                                   : strcpy.c.obj (.text:strcpy)
                  00004080    00000014                                   : strlen.c.obj (.text:strlen)
                  00004094    00000012                                   : wcslen.c.obj (.text:wcslen)
                  000040a6    00000010     driverlib.lib : interrupt.obj (.text:IntMasterEnable)
                  000040b6    00000010     lcd.obj (.text:lcd_clear)
                  000040c6    0000000e     rtsv7M4_T_le_v4SPD16_eabi.lib : copy_decompress_none.c.obj (.text:decompress:none:__TI_decompress_none)
                  000040d4    0000000c     driverlib.lib : cpu.obj (.text:CPUcpsie)
                  000040e0    0000000c     tm4c123gh6pm_startup_ccs.obj (.text)
                  000040ec    00000008     rtsv7M4_T_le_v4SPD16_eabi.lib : errno.c.obj (.text:__aeabi_errno_addr)
                  000040f4    00000008                                   : memory.c.obj (.text:malloc)
                  000040fc    00000004                                   : pre_init.c.obj (.text:_system_pre_init)
                  00004100    00000004                                   : exit.c.obj (.text:abort:abort)

.const     0    00004104    00000118     
                  00004104    00000101     rtsv7M4_T_le_v4SPD16_eabi.lib : ctype.c.obj (.const:.string:_ctypes_)
                  00004205    0000000f     open_interface.obj (.const:.string:$P$T0$3)
                  00004214    00000004     lcd.obj (.const:.string:lineAddress$1)
                  00004218    00000004     lcd.obj (.const:.string:lineAddresses$2)

.cinit     0    00004220    00000060     
                  00004220    00000027     (.cinit..data.load) [load image, compression = lzss]
                  00004247    00000001     --HOLE-- [fill = 0]
                  00004248    0000000c     (__TI_handler_table)
                  00004254    00000004     --HOLE-- [fill = 0]
                  00004258    00000008     (.cinit..bss.load) [load image, compression = zero_init]
                  00004260    00000008     (.cinit..vtable.load) [load image, compression = zero_init]
                  00004268    00000018     (__TI_cinit_table)

.init_array 
*          0    00000000    00000000     UNINITIALIZED

.vtable    0    20000000    0000026c     UNINITIALIZED
                  20000000    0000026c     driverlib.lib : interrupt.obj (.vtable)

.stack     0    20000270    00000400     UNINITIALIZED
                  20000270    00000004     rtsv7M4_T_le_v4SPD16_eabi.lib : boot_cortex_m.c.obj (.stack)
                  20000274    000003fc     --HOLE--

.sysmem    0    20000670    00000400     UNINITIALIZED
                  20000670    00000010     rtsv7M4_T_le_v4SPD16_eabi.lib : memory.c.obj (.sysmem)
                  20000680    000003f0     --HOLE--

.bss       0    20000a70    00000070     UNINITIALIZED
                  20000a70    00000054     lcd.obj (.bss:lastbuffer$3)
                  20000ac4    00000018     open_interface.obj (.bss:firmware$2)
                  20000adc    00000004     (.common:_timeout_ticks)

.data      0    20000ae0    00000040     UNINITIALIZED
                  20000ae0    00000020     open_interface.obj (.data)
                  20000b00    00000008     rtsv7M4_T_le_v4SPD16_eabi.lib : _lock.c.obj (.data:$O1$$)
                  20000b08    00000008                                   : memory.c.obj (.data:$O1$$)
                  20000b10    00000008     servo.obj (.data)
                  20000b18    00000004     rtsv7M4_T_le_v4SPD16_eabi.lib : errno.c.obj (.data)
                  20000b1c    00000002     uart.obj (.data)
                  20000b1e    00000001     Timer.obj (.data)
                  20000b1f    00000001     buttons.obj (.data)

__llvm_prf_cnts 
*          0    20000000    00000000     UNINITIALIZED

MODULE SUMMARY

       Module                         code    ro data   rw data
       ------                         ----    -------   -------
    .\
       open_interface.obj             3128    15        56     
       lcd.obj                        824     8         84     
       movement.obj                   792     0         0      
       servo.obj                      672     0         8      
       tm4c123gh6pm_startup_ccs.obj   12      620       0      
       part3working.obj               624     0         0      
       Timer.obj                      584     0         5      
       uart.obj                       496     0         2      
       buttons.obj                    132     0         1      
    +--+------------------------------+-------+---------+---------+
       Total:                         7264    643       156    
                                                               
    C:/ti/TivaWare_C_Series-2.2.0.295/driverlib/ccs/Debug/driverlib.lib
       interrupt.obj                  68      0         620    
       cpu.obj                        12      0         0      
    +--+------------------------------+-------+---------+---------+
       Total:                         80      0         620    
                                                               
    C:\ti\ccs1230\ccs\tools\compiler\ti-cgt-arm_20.2.7.LTS\lib\rtsv7M4_T_le_v4SPD16_eabi.lib
       _printfi.c.obj                 4851    0         0      
       memory.c.obj                   728     0         8      
       fd_add_t2.asm.obj              438     0         0      
       fd_div_t2.asm.obj              310     0         0      
       s_scalbn.c.obj                 272     0         0      
       fd_cmp_t2.asm.obj              268     0         0      
       ctype.c.obj                    0       257       0      
       fd_mul_t2.asm.obj              252     0         0      
       memcpy_t2.asm.obj              156     0         0      
       ull_div_t2.asm.obj             150     0         0      
       vsnprintf.c.obj                136     0         0      
       memset_t2.asm.obj              122     0         0      
       fd_tos_t2.asm.obj              110     0         0      
       copy_decompress_lzss.c.obj     104     0         0      
       s_frexp.c.obj                  100     0         0      
       _ltoa.c.obj                    84      0         0      
       atoi.c.obj                     76      0         0      
       fd_toi_t2.asm.obj              72      0         0      
       autoinit.c.obj                 68      0         0      
       fs_tod_t2.asm.obj              56      0         0      
       boot_cortex_m.c.obj            52      0         0      
       i_tofd_t2.asm.obj              46      0         0      
       copy_zero_init.c.obj           28      0         0      
       memccpy.c.obj                  28      0         0      
       s_copysign.c.obj               26      0         0      
       strcmp.c.obj                   24      0         0      
       strchr.c.obj                   22      0         0      
       strcpy.c.obj                   20      0         0      
       strlen.c.obj                   20      0         0      
       wcslen.c.obj                   18      0         0      
       copy_decompress_none.c.obj     14      0         0      
       errno.c.obj                    8       0         4      
       _lock.c.obj                    2       0         8      
       exit.c.obj                     4       0         0      
       pre_init.c.obj                 4       0         0      
       div0.asm.obj                   2       0         0      
    +--+------------------------------+-------+---------+---------+
       Total:                         8671    257       20     
                                                               
       Heap:                          0       0         1024   
       Stack:                         0       0         1024   
       Linker Generated:              0       91        0      
    +--+------------------------------+-------+---------+---------+
       Grand Total:                   16015   991       2844   


LINKER GENERATED COPY TABLES

__TI_cinit_table @ 00004268 records: 3, size/record: 8, table size: 24
	.data: load addr=00004220, load size=00000027 bytes, run addr=20000ae0, run size=00000040 bytes, compression=lzss
	.bss: load addr=00004258, load size=00000008 bytes, run addr=20000a70, run size=00000070 bytes, compression=zero_init
	.vtable: load addr=00004260, load size=00000008 bytes, run addr=20000000, run size=0000026c bytes, compression=zero_init


LINKER GENERATED HANDLER TABLE

__TI_handler_table @ 00004248 records: 3, size/record: 4, table size: 12
	index: 0, handler: __TI_zero_init
	index: 1, handler: __TI_decompress_lzss
	index: 2, handler: __TI_decompress_none


GLOBAL SYMBOLS: SORTED ALPHABETICALLY BY Name 

address   name                          
-------   ----                          
00004101  C$$EXIT                       
000040d5  CPUcpsie                      
00000bc3  GPIOF_Handler                 
000040a7  IntMasterEnable               
00003eb1  IntRegister                   
000040e1  ResetISR                      
20000670  __STACK_END                   
00000400  __STACK_SIZE                  
20000470  __STACK_TOP                   
00000400  __SYSMEM_SIZE                 
00004268  __TI_CINIT_Base               
00004280  __TI_CINIT_Limit              
00004248  __TI_Handler_Table_Base       
00004254  __TI_Handler_Table_Limit      
00003d7d  __TI_auto_init_nobinit_nopinit
00003b21  __TI_decompress_lzss          
000040c7  __TI_decompress_none          
00003c43  __TI_ltoa                     
ffffffff  __TI_pprof_out_hndl           
00000e8d  __TI_printfi                  
ffffffff  __TI_prof_data_size           
ffffffff  __TI_prof_data_start          
00000000  __TI_static_base__            
00003fa1  __TI_zero_init_nomemset       
000037c9  __aeabi_cdcmpeq               
000037c9  __aeabi_cdcmple               
0000384f  __aeabi_cdrcmple              
00003ab3  __aeabi_d2f                   
00003d35  __aeabi_d2iz                  
00002caf  __aeabi_dadd                  
00002f99  __aeabi_ddiv                  
00003405  __aeabi_dmul                  
00002ca5  __aeabi_dsub                  
000040ed  __aeabi_errno_addr            
00003e79  __aeabi_f2d                   
00003f49  __aeabi_i2d                   
00002e5b  __aeabi_idiv0                 
00002e5b  __aeabi_ldiv0                 
00003959  __aeabi_memclr                
00003959  __aeabi_memclr4               
00003959  __aeabi_memclr8               
00003697  __aeabi_memcpy                
00003697  __aeabi_memcpy4               
00003697  __aeabi_memcpy8               
0000395b  __aeabi_memset                
0000395b  __aeabi_memset4               
0000395b  __aeabi_memset8               
00003733  __aeabi_uldivmod              
ffffffff  __binit__                     
ffffffff  __c_args__                    
UNDEFED   __mpu_init                    
20000270  __stack                       
20000000  __start___llvm_prf_cnts       
20000000  __stop___llvm_prf_cnts        
00003ee5  _c_int00_noargs               
00004104  _ctypes_                      
20000b00  _lock                         
000018db  _nop                          
20000b1e  _running                      
20000670  _sys_memory                   
UNDEFED   _system_post_cinit            
000040fd  _system_pre_init              
20000adc  _timeout_ticks                
20000b04  _unlock                       
00004101  abort                         
000025d9  add_obj                       
00003305  aligned_alloc                 
00003ce9  atoi                          
00002509  auto_mode                     
ffffffff  binit                         
0000390b  button_getButton              
000038d5  button_init                   
20000b1c  c                             
00003e41  calloc                        
00003ff5  copysign                      
00003ff5  copysignl                     
20000b1d  d                             
20000b14  end_value                     
20000b18  errno                         
00003501  free                          
00003b89  frexp                         
00003b89  frexpl                        
20000000  g_pfnRAMVectors               
00000000  g_pfnVectors                  
0000097f  go_charge                     
000040b7  lcd_clear                     
00001ab1  lcd_gotoLine                  
00001919  lcd_init                      
00001b17  lcd_printf                    
000019d9  lcd_putc                      
00001a11  lcd_puts                      
000018dd  lcd_reverseNibble             
00001a2f  lcd_sendCommand               
00001a6d  lcd_sendNibble                
00001ad9  lcd_setCursorPos              
000031f5  ldexp                         
000031f5  ldexpl                        
0000242d  main                          
000040f5  malloc                        
00002431  manual_mode                   
00003305  memalign                      
00003fd9  memccpy                       
00003697  memcpy                        
00003961  memset                        
20000ae0  motor_cal_factor_L            
20000ae4  motor_cal_factor_R            
00001c65  move_backward                 
00001c05  move_forward                  
00001dcf  move_forward_stop_bumps       
00001ccb  move_forward_with_bumps       
0000026d  oi_alloc                      
00000aa9  oi_checkFirmware              
000002c7  oi_close                      
00000279  oi_free                       
00000ded  oi_getMotorCalibrationLeft    
00000e01  oi_getMotorCalibrationRight   
000002b1  oi_init                       
00000289  oi_init_noupdate              
00000915  oi_loadSong                   
00004027  oi_parseInt                   
0000032b  oi_parsePacket                
0000096b  oi_play_song                  
0000084b  oi_setLeds                    
00000db1  oi_setMotorCalibration        
0000088f  oi_setWheels                  
00000b51  oi_shutoff_init               
0000098d  oi_uartInit                   
00000a31  oi_uartReceive                
00000a77  oi_uartSendBuff               
00000a15  oi_uartSendChar               
00000a59  oi_uartSendStr                
000002d9  oi_update                     
000025b1  print_string                  
0000296f  reverseBits                   
000031f5  scalbn                        
000031f5  scalbnl                       
00002061  servo_calibrate               
00001fa3  servo_init                    
00002027  servo_move                    
20000b10  start_value                   
00004057  strchr                        
0000403f  strcmp                        
0000406d  strcpy                        
00004081  strlen                        
000027bb  timer_getMicros               
00002763  timer_getMillis               
0000269d  timer_init                    
0000273f  timer_pause                   
00002751  timer_resume                  
00002715  timer_stop                    
00002815  timer_waitMicros              
00002847  timer_waitMillis              
00001e49  turn_clockwise                
00002a21  uart1_handler                 
000028e5  uart_init                     
00002a67  uart_interrupt_init           
000029e9  uart_receive                  
000029cd  uart_sendChar                 
000029fd  uart_sendStr                  
00003dc1  vsnprintf                     
00004095  wcslen                        


GLOBAL SYMBOLS: SORTED BY Symbol Address 

address   name                          
-------   ----                          
00000000  __TI_static_base__            
00000000  g_pfnVectors                  
0000026d  oi_alloc                      
00000279  oi_free                       
00000289  oi_init_noupdate              
000002b1  oi_init                       
000002c7  oi_close                      
000002d9  oi_update                     
0000032b  oi_parsePacket                
00000400  __STACK_SIZE                  
00000400  __SYSMEM_SIZE                 
0000084b  oi_setLeds                    
0000088f  oi_setWheels                  
00000915  oi_loadSong                   
0000096b  oi_play_song                  
0000097f  go_charge                     
0000098d  oi_uartInit                   
00000a15  oi_uartSendChar               
00000a31  oi_uartReceive                
00000a59  oi_uartSendStr                
00000a77  oi_uartSendBuff               
00000aa9  oi_checkFirmware              
00000b51  oi_shutoff_init               
00000bc3  GPIOF_Handler                 
00000db1  oi_setMotorCalibration        
00000ded  oi_getMotorCalibrationLeft    
00000e01  oi_getMotorCalibrationRight   
00000e8d  __TI_printfi                  
000018db  _nop                          
000018dd  lcd_reverseNibble             
00001919  lcd_init                      
000019d9  lcd_putc                      
00001a11  lcd_puts                      
00001a2f  lcd_sendCommand               
00001a6d  lcd_sendNibble                
00001ab1  lcd_gotoLine                  
00001ad9  lcd_setCursorPos              
00001b17  lcd_printf                    
00001c05  move_forward                  
00001c65  move_backward                 
00001ccb  move_forward_with_bumps       
00001dcf  move_forward_stop_bumps       
00001e49  turn_clockwise                
00001fa3  servo_init                    
00002027  servo_move                    
00002061  servo_calibrate               
0000242d  main                          
00002431  manual_mode                   
00002509  auto_mode                     
000025b1  print_string                  
000025d9  add_obj                       
0000269d  timer_init                    
00002715  timer_stop                    
0000273f  timer_pause                   
00002751  timer_resume                  
00002763  timer_getMillis               
000027bb  timer_getMicros               
00002815  timer_waitMicros              
00002847  timer_waitMillis              
000028e5  uart_init                     
0000296f  reverseBits                   
000029cd  uart_sendChar                 
000029e9  uart_receive                  
000029fd  uart_sendStr                  
00002a21  uart1_handler                 
00002a67  uart_interrupt_init           
00002ca5  __aeabi_dsub                  
00002caf  __aeabi_dadd                  
00002e5b  __aeabi_idiv0                 
00002e5b  __aeabi_ldiv0                 
00002f99  __aeabi_ddiv                  
000031f5  ldexp                         
000031f5  ldexpl                        
000031f5  scalbn                        
000031f5  scalbnl                       
00003305  aligned_alloc                 
00003305  memalign                      
00003405  __aeabi_dmul                  
00003501  free                          
00003697  __aeabi_memcpy                
00003697  __aeabi_memcpy4               
00003697  __aeabi_memcpy8               
00003697  memcpy                        
00003733  __aeabi_uldivmod              
000037c9  __aeabi_cdcmpeq               
000037c9  __aeabi_cdcmple               
0000384f  __aeabi_cdrcmple              
000038d5  button_init                   
0000390b  button_getButton              
00003959  __aeabi_memclr                
00003959  __aeabi_memclr4               
00003959  __aeabi_memclr8               
0000395b  __aeabi_memset                
0000395b  __aeabi_memset4               
0000395b  __aeabi_memset8               
00003961  memset                        
00003ab3  __aeabi_d2f                   
00003b21  __TI_decompress_lzss          
00003b89  frexp                         
00003b89  frexpl                        
00003c43  __TI_ltoa                     
00003ce9  atoi                          
00003d35  __aeabi_d2iz                  
00003d7d  __TI_auto_init_nobinit_nopinit
00003dc1  vsnprintf                     
00003e41  calloc                        
00003e79  __aeabi_f2d                   
00003eb1  IntRegister                   
00003ee5  _c_int00_noargs               
00003f49  __aeabi_i2d                   
00003fa1  __TI_zero_init_nomemset       
00003fd9  memccpy                       
00003ff5  copysign                      
00003ff5  copysignl                     
00004027  oi_parseInt                   
0000403f  strcmp                        
00004057  strchr                        
0000406d  strcpy                        
00004081  strlen                        
00004095  wcslen                        
000040a7  IntMasterEnable               
000040b7  lcd_clear                     
000040c7  __TI_decompress_none          
000040d5  CPUcpsie                      
000040e1  ResetISR                      
000040ed  __aeabi_errno_addr            
000040f5  malloc                        
000040fd  _system_pre_init              
00004101  C$$EXIT                       
00004101  abort                         
00004104  _ctypes_                      
00004248  __TI_Handler_Table_Base       
00004254  __TI_Handler_Table_Limit      
00004268  __TI_CINIT_Base               
00004280  __TI_CINIT_Limit              
20000000  __start___llvm_prf_cnts       
20000000  __stop___llvm_prf_cnts        
20000000  g_pfnRAMVectors               
20000270  __stack                       
20000470  __STACK_TOP                   
20000670  __STACK_END                   
20000670  _sys_memory                   
20000adc  _timeout_ticks                
20000ae0  motor_cal_factor_L            
20000ae4  motor_cal_factor_R            
20000b00  _lock                         
20000b04  _unlock                       
20000b10  start_value                   
20000b14  end_value                     
20000b18  errno                         
20000b1c  c                             
20000b1d  d                             
20000b1e  _running                      
ffffffff  __TI_pprof_out_hndl           
ffffffff  __TI_prof_data_size           
ffffffff  __TI_prof_data_start          
ffffffff  __binit__                     
ffffffff  __c_args__                    
ffffffff  binit                         
UNDEFED   __mpu_init                    
UNDEFED   _system_post_cinit            

[161 symbols]
