<?xml version="1.0" encoding="ISO-8859-1" ?>
<link_info>
   <banner>TI ARM Linker PC v20.2.7.LTS</banner>
   <copyright>Copyright (c) 1996-2018 Texas Instruments Incorporated</copyright>
   <link_time>0x65667283</link_time>
   <link_errors>0x0</link_errors>
   <output_file>lab_10-CrossingStreets.out</output_file>
   <entry_point>
      <name>_c_int00_noargs</name>
      <address>0x3ee5</address>
   </entry_point>
   <input_file_list>
      <input_file id="fl-2">
         <path>.\</path>
         <kind>object</kind>
         <file>Timer.obj</file>
         <name>Timer.obj</name>
      </input_file>
      <input_file id="fl-3">
         <path>.\</path>
         <kind>object</kind>
         <file>adc.obj</file>
         <name>adc.obj</name>
      </input_file>
      <input_file id="fl-4">
         <path>.\</path>
         <kind>object</kind>
         <file>buttons.obj</file>
         <name>buttons.obj</name>
      </input_file>
      <input_file id="fl-5">
         <path>.\</path>
         <kind>object</kind>
         <file>checking.obj</file>
         <name>checking.obj</name>
      </input_file>
      <input_file id="fl-6">
         <path>.\</path>
         <kind>object</kind>
         <file>lcd.obj</file>
         <name>lcd.obj</name>
      </input_file>
      <input_file id="fl-7">
         <path>.\</path>
         <kind>object</kind>
         <file>main.obj</file>
         <name>main.obj</name>
      </input_file>
      <input_file id="fl-8">
         <path>.\</path>
         <kind>object</kind>
         <file>movement.obj</file>
         <name>movement.obj</name>
      </input_file>
      <input_file id="fl-9">
         <path>.\</path>
         <kind>object</kind>
         <file>open_interface.obj</file>
         <name>open_interface.obj</name>
      </input_file>
      <input_file id="fl-a">
         <path>.\</path>
         <kind>object</kind>
         <file>part3working.obj</file>
         <name>part3working.obj</name>
      </input_file>
      <input_file id="fl-b">
         <path>.\</path>
         <kind>object</kind>
         <file>servo.obj</file>
         <name>servo.obj</name>
      </input_file>
      <input_file id="fl-c">
         <path>.\</path>
         <kind>object</kind>
         <file>tm4c123gh6pm_startup_ccs.obj</file>
         <name>tm4c123gh6pm_startup_ccs.obj</name>
      </input_file>
      <input_file id="fl-d">
         <path>.\</path>
         <kind>object</kind>
         <file>uart.obj</file>
         <name>uart.obj</name>
      </input_file>
      <input_file id="fl-12">
         <kind>object</kind>
         <file>&lt;internal&gt;</file>
         <name>&lt;internal&gt;</name>
      </input_file>
      <input_file id="fl-c8">
         <path>C:\ti\ccs1230\ccs\tools\compiler\ti-cgt-arm_20.2.7.LTS\lib\</path>
         <kind>archive</kind>
         <file>rtsv7M4_T_le_v4SPD16_eabi.lib</file>
         <name>vsnprintf.c.obj</name>
      </input_file>
      <input_file id="fl-c9">
         <path>C:\ti\ccs1230\ccs\tools\compiler\ti-cgt-arm_20.2.7.LTS\lib\</path>
         <kind>archive</kind>
         <file>rtsv7M4_T_le_v4SPD16_eabi.lib</file>
         <name>fd_add_t2.asm.obj</name>
      </input_file>
      <input_file id="fl-ca">
         <path>C:\ti\ccs1230\ccs\tools\compiler\ti-cgt-arm_20.2.7.LTS\lib\</path>
         <kind>archive</kind>
         <file>rtsv7M4_T_le_v4SPD16_eabi.lib</file>
         <name>fd_cmp_t2.asm.obj</name>
      </input_file>
      <input_file id="fl-cb">
         <path>C:\ti\ccs1230\ccs\tools\compiler\ti-cgt-arm_20.2.7.LTS\lib\</path>
         <kind>archive</kind>
         <file>rtsv7M4_T_le_v4SPD16_eabi.lib</file>
         <name>fd_div_t2.asm.obj</name>
      </input_file>
      <input_file id="fl-cc">
         <path>C:\ti\ccs1230\ccs\tools\compiler\ti-cgt-arm_20.2.7.LTS\lib\</path>
         <kind>archive</kind>
         <file>rtsv7M4_T_le_v4SPD16_eabi.lib</file>
         <name>fd_mul_t2.asm.obj</name>
      </input_file>
      <input_file id="fl-cd">
         <path>C:\ti\ccs1230\ccs\tools\compiler\ti-cgt-arm_20.2.7.LTS\lib\</path>
         <kind>archive</kind>
         <file>rtsv7M4_T_le_v4SPD16_eabi.lib</file>
         <name>fd_toi_t2.asm.obj</name>
      </input_file>
      <input_file id="fl-ce">
         <path>C:\ti\ccs1230\ccs\tools\compiler\ti-cgt-arm_20.2.7.LTS\lib\</path>
         <kind>archive</kind>
         <file>rtsv7M4_T_le_v4SPD16_eabi.lib</file>
         <name>fd_tos_t2.asm.obj</name>
      </input_file>
      <input_file id="fl-cf">
         <path>C:\ti\ccs1230\ccs\tools\compiler\ti-cgt-arm_20.2.7.LTS\lib\</path>
         <kind>archive</kind>
         <file>rtsv7M4_T_le_v4SPD16_eabi.lib</file>
         <name>fs_tod_t2.asm.obj</name>
      </input_file>
      <input_file id="fl-d0">
         <path>C:\ti\ccs1230\ccs\tools\compiler\ti-cgt-arm_20.2.7.LTS\lib\</path>
         <kind>archive</kind>
         <file>rtsv7M4_T_le_v4SPD16_eabi.lib</file>
         <name>i_tofd_t2.asm.obj</name>
      </input_file>
      <input_file id="fl-d1">
         <path>C:\ti\ccs1230\ccs\tools\compiler\ti-cgt-arm_20.2.7.LTS\lib\</path>
         <kind>archive</kind>
         <file>rtsv7M4_T_le_v4SPD16_eabi.lib</file>
         <name>memcpy_t2.asm.obj</name>
      </input_file>
      <input_file id="fl-d2">
         <path>C:\ti\ccs1230\ccs\tools\compiler\ti-cgt-arm_20.2.7.LTS\lib\</path>
         <kind>archive</kind>
         <file>rtsv7M4_T_le_v4SPD16_eabi.lib</file>
         <name>u_tofd_t2.asm.obj</name>
      </input_file>
      <input_file id="fl-d3">
         <path>C:\ti\ccs1230\ccs\tools\compiler\ti-cgt-arm_20.2.7.LTS\lib\</path>
         <kind>archive</kind>
         <file>rtsv7M4_T_le_v4SPD16_eabi.lib</file>
         <name>copy_zero_init.c.obj</name>
      </input_file>
      <input_file id="fl-d4">
         <path>C:\ti\ccs1230\ccs\tools\compiler\ti-cgt-arm_20.2.7.LTS\lib\</path>
         <kind>archive</kind>
         <file>rtsv7M4_T_le_v4SPD16_eabi.lib</file>
         <name>copy_decompress_none.c.obj</name>
      </input_file>
      <input_file id="fl-d5">
         <path>C:\ti\ccs1230\ccs\tools\compiler\ti-cgt-arm_20.2.7.LTS\lib\</path>
         <kind>archive</kind>
         <file>rtsv7M4_T_le_v4SPD16_eabi.lib</file>
         <name>copy_decompress_lzss.c.obj</name>
      </input_file>
      <input_file id="fl-d6">
         <path>C:\ti\ccs1230\ccs\tools\compiler\ti-cgt-arm_20.2.7.LTS\lib\</path>
         <kind>archive</kind>
         <file>rtsv7M4_T_le_v4SPD16_eabi.lib</file>
         <name>memory.c.obj</name>
      </input_file>
      <input_file id="fl-d7">
         <path>C:\ti\ccs1230\ccs\tools\compiler\ti-cgt-arm_20.2.7.LTS\lib\</path>
         <kind>archive</kind>
         <file>rtsv7M4_T_le_v4SPD16_eabi.lib</file>
         <name>strcmp.c.obj</name>
      </input_file>
      <input_file id="fl-d8">
         <path>C:\ti\ccs1230\ccs\tools\compiler\ti-cgt-arm_20.2.7.LTS\lib\</path>
         <kind>archive</kind>
         <file>rtsv7M4_T_le_v4SPD16_eabi.lib</file>
         <name>strcpy.c.obj</name>
      </input_file>
      <input_file id="fl-d9">
         <path>C:\ti\ccs1230\ccs\tools\compiler\ti-cgt-arm_20.2.7.LTS\lib\</path>
         <kind>archive</kind>
         <file>rtsv7M4_T_le_v4SPD16_eabi.lib</file>
         <name>strlen.c.obj</name>
      </input_file>
      <input_file id="fl-da">
         <path>C:\ti\ccs1230\ccs\tools\compiler\ti-cgt-arm_20.2.7.LTS\lib\</path>
         <kind>archive</kind>
         <file>rtsv7M4_T_le_v4SPD16_eabi.lib</file>
         <name>boot_cortex_m.c.obj</name>
      </input_file>
      <input_file id="fl-db">
         <path>C:\ti\ccs1230\ccs\tools\compiler\ti-cgt-arm_20.2.7.LTS\lib\</path>
         <kind>archive</kind>
         <file>rtsv7M4_T_le_v4SPD16_eabi.lib</file>
         <name>_printfi.c.obj</name>
      </input_file>
      <input_file id="fl-dc">
         <path>C:\ti\ccs1230\ccs\tools\compiler\ti-cgt-arm_20.2.7.LTS\lib\</path>
         <kind>archive</kind>
         <file>rtsv7M4_T_le_v4SPD16_eabi.lib</file>
         <name>memset_t2.asm.obj</name>
      </input_file>
      <input_file id="fl-dd">
         <path>C:\ti\ccs1230\ccs\tools\compiler\ti-cgt-arm_20.2.7.LTS\lib\</path>
         <kind>archive</kind>
         <file>rtsv7M4_T_le_v4SPD16_eabi.lib</file>
         <name>ull_div_t2.asm.obj</name>
      </input_file>
      <input_file id="fl-de">
         <path>C:\ti\ccs1230\ccs\tools\compiler\ti-cgt-arm_20.2.7.LTS\lib\</path>
         <kind>archive</kind>
         <file>rtsv7M4_T_le_v4SPD16_eabi.lib</file>
         <name>autoinit.c.obj</name>
      </input_file>
      <input_file id="fl-df">
         <path>C:\ti\ccs1230\ccs\tools\compiler\ti-cgt-arm_20.2.7.LTS\lib\</path>
         <kind>archive</kind>
         <file>rtsv7M4_T_le_v4SPD16_eabi.lib</file>
         <name>pre_init.c.obj</name>
      </input_file>
      <input_file id="fl-e0">
         <path>C:\ti\ccs1230\ccs\tools\compiler\ti-cgt-arm_20.2.7.LTS\lib\</path>
         <kind>archive</kind>
         <file>rtsv7M4_T_le_v4SPD16_eabi.lib</file>
         <name>cpy_tbl.c.obj</name>
      </input_file>
      <input_file id="fl-e1">
         <path>C:\ti\ccs1230\ccs\tools\compiler\ti-cgt-arm_20.2.7.LTS\lib\</path>
         <kind>archive</kind>
         <file>rtsv7M4_T_le_v4SPD16_eabi.lib</file>
         <name>exit.c.obj</name>
      </input_file>
      <input_file id="fl-e2">
         <path>C:\ti\ccs1230\ccs\tools\compiler\ti-cgt-arm_20.2.7.LTS\lib\</path>
         <kind>archive</kind>
         <file>rtsv7M4_T_le_v4SPD16_eabi.lib</file>
         <name>_lock.c.obj</name>
      </input_file>
      <input_file id="fl-e3">
         <path>C:\ti\ccs1230\ccs\tools\compiler\ti-cgt-arm_20.2.7.LTS\lib\</path>
         <kind>archive</kind>
         <file>rtsv7M4_T_le_v4SPD16_eabi.lib</file>
         <name>_ltoa.c.obj</name>
      </input_file>
      <input_file id="fl-e4">
         <path>C:\ti\ccs1230\ccs\tools\compiler\ti-cgt-arm_20.2.7.LTS\lib\</path>
         <kind>archive</kind>
         <file>rtsv7M4_T_le_v4SPD16_eabi.lib</file>
         <name>args_main.c.obj</name>
      </input_file>
      <input_file id="fl-e5">
         <path>C:\ti\ccs1230\ccs\tools\compiler\ti-cgt-arm_20.2.7.LTS\lib\</path>
         <kind>archive</kind>
         <file>rtsv7M4_T_le_v4SPD16_eabi.lib</file>
         <name>atoi.c.obj</name>
      </input_file>
      <input_file id="fl-e6">
         <path>C:\ti\ccs1230\ccs\tools\compiler\ti-cgt-arm_20.2.7.LTS\lib\</path>
         <kind>archive</kind>
         <file>rtsv7M4_T_le_v4SPD16_eabi.lib</file>
         <name>ctype.c.obj</name>
      </input_file>
      <input_file id="fl-e7">
         <path>C:\ti\ccs1230\ccs\tools\compiler\ti-cgt-arm_20.2.7.LTS\lib\</path>
         <kind>archive</kind>
         <file>rtsv7M4_T_le_v4SPD16_eabi.lib</file>
         <name>memccpy.c.obj</name>
      </input_file>
      <input_file id="fl-e8">
         <path>C:\ti\ccs1230\ccs\tools\compiler\ti-cgt-arm_20.2.7.LTS\lib\</path>
         <kind>archive</kind>
         <file>rtsv7M4_T_le_v4SPD16_eabi.lib</file>
         <name>strchr.c.obj</name>
      </input_file>
      <input_file id="fl-e9">
         <path>C:\ti\ccs1230\ccs\tools\compiler\ti-cgt-arm_20.2.7.LTS\lib\</path>
         <kind>archive</kind>
         <file>rtsv7M4_T_le_v4SPD16_eabi.lib</file>
         <name>errno.c.obj</name>
      </input_file>
      <input_file id="fl-ea">
         <path>C:\ti\ccs1230\ccs\tools\compiler\ti-cgt-arm_20.2.7.LTS\lib\</path>
         <kind>archive</kind>
         <file>rtsv7M4_T_le_v4SPD16_eabi.lib</file>
         <name>wcslen.c.obj</name>
      </input_file>
      <input_file id="fl-eb">
         <path>C:\ti\ccs1230\ccs\tools\compiler\ti-cgt-arm_20.2.7.LTS\lib\</path>
         <kind>archive</kind>
         <file>rtsv7M4_T_le_v4SPD16_eabi.lib</file>
         <name>s_frexp.c.obj</name>
      </input_file>
      <input_file id="fl-ec">
         <path>C:\ti\ccs1230\ccs\tools\compiler\ti-cgt-arm_20.2.7.LTS\lib\</path>
         <kind>archive</kind>
         <file>rtsv7M4_T_le_v4SPD16_eabi.lib</file>
         <name>s_scalbn.c.obj</name>
      </input_file>
      <input_file id="fl-ed">
         <path>C:\ti\ccs1230\ccs\tools\compiler\ti-cgt-arm_20.2.7.LTS\lib\</path>
         <kind>archive</kind>
         <file>rtsv7M4_T_le_v4SPD16_eabi.lib</file>
         <name>div0.asm.obj</name>
      </input_file>
      <input_file id="fl-ee">
         <path>C:\ti\ccs1230\ccs\tools\compiler\ti-cgt-arm_20.2.7.LTS\lib\</path>
         <kind>archive</kind>
         <file>rtsv7M4_T_le_v4SPD16_eabi.lib</file>
         <name>s_copysign.c.obj</name>
      </input_file>
      <input_file id="fl-ef">
         <path>C:\ti\TivaWare_C_Series-2.2.0.295\driverlib\ccs\Debug\</path>
         <kind>archive</kind>
         <file>driverlib.lib</file>
         <name>interrupt.obj</name>
      </input_file>
      <input_file id="fl-f0">
         <path>C:\ti\TivaWare_C_Series-2.2.0.295\driverlib\ccs\Debug\</path>
         <kind>archive</kind>
         <file>driverlib.lib</file>
         <name>cpu.obj</name>
      </input_file>
   </input_file_list>
   <object_component_list>
      <object_component id="oc-12">
         <name>.intvecs</name>
         <load_address>0x0</load_address>
         <run_address>0x0</run_address>
         <size>0x26c</size>
         <input_file_ref idref="fl-c"/>
      </object_component>
      <object_component id="oc-e3">
         <name>.text</name>
         <load_address>0x26c</load_address>
         <run_address>0x26c</run_address>
         <size>0xc20</size>
         <input_file_ref idref="fl-9"/>
      </object_component>
      <object_component id="oc-292">
         <name>.text:__TI_printfi</name>
         <load_address>0xe8c</load_address>
         <run_address>0xe8c</run_address>
         <size>0xa4e</size>
         <input_file_ref idref="fl-db"/>
      </object_component>
      <object_component id="oc-25e">
         <name>.text:_nop</name>
         <load_address>0x18da</load_address>
         <run_address>0x18da</run_address>
         <size>0x2</size>
         <input_file_ref idref="fl-e2"/>
      </object_component>
      <object_component id="oc-1b0">
         <name>.text</name>
         <load_address>0x18dc</load_address>
         <run_address>0x18dc</run_address>
         <size>0x328</size>
         <input_file_ref idref="fl-6"/>
      </object_component>
      <object_component id="oc-dd">
         <name>.text</name>
         <load_address>0x1c04</load_address>
         <run_address>0x1c04</run_address>
         <size>0x318</size>
         <input_file_ref idref="fl-8"/>
      </object_component>
      <object_component id="oc-e9">
         <name>.text</name>
         <load_address>0x1f1c</load_address>
         <run_address>0x1f1c</run_address>
         <size>0x2a0</size>
         <input_file_ref idref="fl-b"/>
      </object_component>
      <object_component id="oc-2e6">
         <name>.text:_pconv_a</name>
         <load_address>0x21bc</load_address>
         <run_address>0x21bc</run_address>
         <size>0x270</size>
         <input_file_ref idref="fl-db"/>
      </object_component>
      <object_component id="oc-a2">
         <name>.text</name>
         <load_address>0x242c</load_address>
         <run_address>0x242c</run_address>
         <size>0x270</size>
         <input_file_ref idref="fl-a"/>
      </object_component>
      <object_component id="oc-174">
         <name>.text</name>
         <load_address>0x269c</load_address>
         <run_address>0x269c</run_address>
         <size>0x248</size>
         <input_file_ref idref="fl-2"/>
      </object_component>
      <object_component id="oc-d7">
         <name>.text</name>
         <load_address>0x28e4</load_address>
         <run_address>0x28e4</run_address>
         <size>0x1f0</size>
         <input_file_ref idref="fl-d"/>
      </object_component>
      <object_component id="oc-2d4">
         <name>.text:_pconv_g</name>
         <load_address>0x2ad4</load_address>
         <run_address>0x2ad4</run_address>
         <size>0x1d0</size>
         <input_file_ref idref="fl-db"/>
      </object_component>
      <object_component id="oc-157">
         <name>.text</name>
         <load_address>0x2ca4</load_address>
         <run_address>0x2ca4</run_address>
         <size>0x1b6</size>
         <input_file_ref idref="fl-c9"/>
      </object_component>
      <object_component id="oc-373">
         <name>.text</name>
         <load_address>0x2e5a</load_address>
         <run_address>0x2e5a</run_address>
         <size>0x2</size>
         <input_file_ref idref="fl-ed"/>
      </object_component>
      <object_component id="oc-2e0">
         <name>.text:_pconv_e</name>
         <load_address>0x2e5c</load_address>
         <run_address>0x2e5c</run_address>
         <size>0x13c</size>
         <input_file_ref idref="fl-db"/>
      </object_component>
      <object_component id="oc-195">
         <name>.text</name>
         <load_address>0x2f98</load_address>
         <run_address>0x2f98</run_address>
         <size>0x136</size>
         <input_file_ref idref="fl-cb"/>
      </object_component>
      <object_component id="oc-333">
         <name>.text:fcvt</name>
         <load_address>0x30d0</load_address>
         <run_address>0x30d0</run_address>
         <size>0x124</size>
         <input_file_ref idref="fl-db"/>
      </object_component>
      <object_component id="oc-347">
         <name>.text:scalbn</name>
         <load_address>0x31f4</load_address>
         <run_address>0x31f4</run_address>
         <size>0x110</size>
         <input_file_ref idref="fl-ec"/>
      </object_component>
      <object_component id="oc-1bd">
         <name>.text:aligned_alloc</name>
         <load_address>0x3304</load_address>
         <run_address>0x3304</run_address>
         <size>0x100</size>
         <input_file_ref idref="fl-d6"/>
      </object_component>
      <object_component id="oc-190">
         <name>.text</name>
         <load_address>0x3404</load_address>
         <run_address>0x3404</run_address>
         <size>0xfc</size>
         <input_file_ref idref="fl-cc"/>
      </object_component>
      <object_component id="oc-16e">
         <name>.text:free</name>
         <load_address>0x3500</load_address>
         <run_address>0x3500</run_address>
         <size>0xe4</size>
         <input_file_ref idref="fl-d6"/>
      </object_component>
      <object_component id="oc-2ce">
         <name>.text:_ltostr</name>
         <load_address>0x35e4</load_address>
         <run_address>0x35e4</run_address>
         <size>0xb1</size>
         <input_file_ref idref="fl-db"/>
      </object_component>
      <object_component id="oc-3e">
         <name>.text</name>
         <load_address>0x3696</load_address>
         <run_address>0x3696</run_address>
         <size>0x9c</size>
         <input_file_ref idref="fl-d1"/>
      </object_component>
      <object_component id="oc-315">
         <name>.text</name>
         <load_address>0x3732</load_address>
         <run_address>0x3732</run_address>
         <size>0x96</size>
         <input_file_ref idref="fl-dd"/>
      </object_component>
      <object_component id="oc-15c">
         <name>.text:__aeabi_cdcmple</name>
         <load_address>0x37c8</load_address>
         <run_address>0x37c8</run_address>
         <size>0x86</size>
         <input_file_ref idref="fl-ca"/>
      </object_component>
      <object_component id="oc-161">
         <name>.text:__aeabi_cdrcmple</name>
         <load_address>0x384e</load_address>
         <run_address>0x384e</run_address>
         <size>0x86</size>
         <input_file_ref idref="fl-ca"/>
      </object_component>
      <object_component id="oc-1aa">
         <name>.text</name>
         <load_address>0x38d4</load_address>
         <run_address>0x38d4</run_address>
         <size>0x84</size>
         <input_file_ref idref="fl-4"/>
      </object_component>
      <object_component id="oc-96">
         <name>.text</name>
         <load_address>0x3958</load_address>
         <run_address>0x3958</run_address>
         <size>0x7a</size>
         <input_file_ref idref="fl-dc"/>
      </object_component>
      <object_component id="oc-251">
         <name>.text:split</name>
         <load_address>0x39d4</load_address>
         <run_address>0x39d4</run_address>
         <size>0x70</size>
         <input_file_ref idref="fl-d6"/>
      </object_component>
      <object_component id="oc-32c">
         <name>.text:_mcpy</name>
         <load_address>0x3a44</load_address>
         <run_address>0x3a44</run_address>
         <size>0x6e</size>
         <input_file_ref idref="fl-db"/>
      </object_component>
      <object_component id="oc-19d">
         <name>.text</name>
         <load_address>0x3ab2</load_address>
         <run_address>0x3ab2</run_address>
         <size>0x6e</size>
         <input_file_ref idref="fl-ce"/>
      </object_component>
      <object_component id="oc-15">
         <name>.text:decompress:lzss:__TI_decompress_lzss</name>
         <load_address>0x3b20</load_address>
         <run_address>0x3b20</run_address>
         <size>0x68</size>
         <input_file_ref idref="fl-d5"/>
      </object_component>
      <object_component id="oc-341">
         <name>.text:frexp</name>
         <load_address>0x3b88</load_address>
         <run_address>0x3b88</run_address>
         <size>0x64</size>
         <input_file_ref idref="fl-eb"/>
      </object_component>
      <object_component id="oc-2da">
         <name>.text:_pconv_f</name>
         <load_address>0x3bec</load_address>
         <run_address>0x3bec</run_address>
         <size>0x56</size>
         <input_file_ref idref="fl-db"/>
      </object_component>
      <object_component id="oc-320">
         <name>.text:__TI_ltoa</name>
         <load_address>0x3c42</load_address>
         <run_address>0x3c42</run_address>
         <size>0x54</size>
         <input_file_ref idref="fl-e3"/>
      </object_component>
      <object_component id="oc-326">
         <name>.text:_ecpy</name>
         <load_address>0x3c96</load_address>
         <run_address>0x3c96</run_address>
         <size>0x52</size>
         <input_file_ref idref="fl-db"/>
      </object_component>
      <object_component id="oc-2c8">
         <name>.text:atoi</name>
         <load_address>0x3ce8</load_address>
         <run_address>0x3ce8</run_address>
         <size>0x4c</size>
         <input_file_ref idref="fl-e5"/>
      </object_component>
      <object_component id="oc-31b">
         <name>.text</name>
         <load_address>0x3d34</load_address>
         <run_address>0x3d34</run_address>
         <size>0x48</size>
         <input_file_ref idref="fl-cd"/>
      </object_component>
      <object_component id="oc-11b">
         <name>.text:__TI_auto_init_nobinit_nopinit:__TI_auto_init_nobinit_nopinit</name>
         <load_address>0x3d7c</load_address>
         <run_address>0x3d7c</run_address>
         <size>0x44</size>
         <input_file_ref idref="fl-de"/>
      </object_component>
      <object_component id="oc-237">
         <name>.text:vsnprintf</name>
         <load_address>0x3dc0</load_address>
         <run_address>0x3dc0</run_address>
         <size>0x40</size>
         <input_file_ref idref="fl-c8"/>
      </object_component>
      <object_component id="oc-339">
         <name>.text:_fcpy</name>
         <load_address>0x3e00</load_address>
         <run_address>0x3e00</run_address>
         <size>0x3e</size>
         <input_file_ref idref="fl-db"/>
      </object_component>
      <object_component id="oc-168">
         <name>.text:calloc</name>
         <load_address>0x3e40</load_address>
         <run_address>0x3e40</run_address>
         <size>0x38</size>
         <input_file_ref idref="fl-d6"/>
      </object_component>
      <object_component id="oc-1a2">
         <name>.text</name>
         <load_address>0x3e78</load_address>
         <run_address>0x3e78</run_address>
         <size>0x38</size>
         <input_file_ref idref="fl-cf"/>
      </object_component>
      <object_component id="oc-14f">
         <name>.text:IntRegister</name>
         <load_address>0x3eb0</load_address>
         <run_address>0x3eb0</run_address>
         <size>0x34</size>
         <input_file_ref idref="fl-ef"/>
      </object_component>
      <object_component id="oc-5c">
         <name>.text:_c_int00_noargs:_c_int00_noargs</name>
         <load_address>0x3ee4</load_address>
         <run_address>0x3ee4</run_address>
         <size>0x34</size>
         <input_file_ref idref="fl-da"/>
      </object_component>
      <object_component id="oc-298">
         <name>.text:_outs</name>
         <load_address>0x3f18</load_address>
         <run_address>0x3f18</run_address>
         <size>0x30</size>
         <input_file_ref idref="fl-c8"/>
      </object_component>
      <object_component id="oc-ef">
         <name>.text</name>
         <load_address>0x3f48</load_address>
         <run_address>0x3f48</run_address>
         <size>0x2e</size>
         <input_file_ref idref="fl-d0"/>
      </object_component>
      <object_component id="oc-20f">
         <name>.text:free_list_insert</name>
         <load_address>0x3f78</load_address>
         <run_address>0x3f78</run_address>
         <size>0x28</size>
         <input_file_ref idref="fl-d6"/>
      </object_component>
      <object_component id="oc-4a">
         <name>.text:decompress:ZI:__TI_zero_init_nomemset:__TI_zero_init_nomemset</name>
         <load_address>0x3fa0</load_address>
         <run_address>0x3fa0</run_address>
         <size>0x1c</size>
         <input_file_ref idref="fl-d3"/>
      </object_component>
      <object_component id="oc-209">
         <name>.text:free_list_remove</name>
         <load_address>0x3fbc</load_address>
         <run_address>0x3fbc</run_address>
         <size>0x1c</size>
         <input_file_ref idref="fl-d6"/>
      </object_component>
      <object_component id="oc-2ec">
         <name>.text:memccpy</name>
         <load_address>0x3fd8</load_address>
         <run_address>0x3fd8</run_address>
         <size>0x1c</size>
         <input_file_ref idref="fl-e7"/>
      </object_component>
      <object_component id="oc-387">
         <name>.text:copysign</name>
         <load_address>0x3ff4</load_address>
         <run_address>0x3ff4</run_address>
         <size>0x1a</size>
         <input_file_ref idref="fl-ee"/>
      </object_component>
      <object_component id="oc-29e">
         <name>.text:_outc</name>
         <load_address>0x400e</load_address>
         <run_address>0x400e</run_address>
         <size>0x18</size>
         <input_file_ref idref="fl-c8"/>
      </object_component>
      <object_component id="oc-17a">
         <name>.text:oi_parseInt</name>
         <load_address>0x4026</load_address>
         <run_address>0x4026</run_address>
         <size>0x18</size>
         <input_file_ref idref="fl-9"/>
      </object_component>
      <object_component id="oc-181">
         <name>.text:strcmp</name>
         <load_address>0x403e</load_address>
         <run_address>0x403e</run_address>
         <size>0x18</size>
         <input_file_ref idref="fl-d7"/>
      </object_component>
      <object_component id="oc-34d">
         <name>.text:strchr</name>
         <load_address>0x4056</load_address>
         <run_address>0x4056</run_address>
         <size>0x16</size>
         <input_file_ref idref="fl-e8"/>
      </object_component>
      <object_component id="oc-23d">
         <name>.text:strcpy</name>
         <load_address>0x406c</load_address>
         <run_address>0x406c</run_address>
         <size>0x14</size>
         <input_file_ref idref="fl-d8"/>
      </object_component>
      <object_component id="oc-f4">
         <name>.text:strlen</name>
         <load_address>0x4080</load_address>
         <run_address>0x4080</run_address>
         <size>0x14</size>
         <input_file_ref idref="fl-d9"/>
      </object_component>
      <object_component id="oc-2f2">
         <name>.text:wcslen</name>
         <load_address>0x4094</load_address>
         <run_address>0x4094</run_address>
         <size>0x12</size>
         <input_file_ref idref="fl-ea"/>
      </object_component>
      <object_component id="oc-187">
         <name>.text:IntMasterEnable</name>
         <load_address>0x40a6</load_address>
         <run_address>0x40a6</run_address>
         <size>0x10</size>
         <input_file_ref idref="fl-ef"/>
      </object_component>
      <object_component id="oc-230">
         <name>.text:lcd_clear</name>
         <load_address>0x40b6</load_address>
         <run_address>0x40b6</run_address>
         <size>0x10</size>
         <input_file_ref idref="fl-6"/>
      </object_component>
      <object_component id="oc-1b">
         <name>.text:decompress:none:__TI_decompress_none</name>
         <load_address>0x40c6</load_address>
         <run_address>0x40c6</run_address>
         <size>0xe</size>
         <input_file_ref idref="fl-d4"/>
      </object_component>
      <object_component id="oc-21d">
         <name>.text:CPUcpsie</name>
         <load_address>0x40d4</load_address>
         <run_address>0x40d4</run_address>
         <size>0xc</size>
         <input_file_ref idref="fl-f0"/>
      </object_component>
      <object_component id="oc-2a">
         <name>.text</name>
         <load_address>0x40e0</load_address>
         <run_address>0x40e0</run_address>
         <size>0xc</size>
         <input_file_ref idref="fl-c"/>
      </object_component>
      <object_component id="oc-2f8">
         <name>.text:__aeabi_errno_addr</name>
         <load_address>0x40ec</load_address>
         <run_address>0x40ec</run_address>
         <size>0x8</size>
         <input_file_ref idref="fl-e9"/>
      </object_component>
      <object_component id="oc-fa">
         <name>.text:malloc</name>
         <load_address>0x40f4</load_address>
         <run_address>0x40f4</run_address>
         <size>0x8</size>
         <input_file_ref idref="fl-d6"/>
      </object_component>
      <object_component id="oc-9c">
         <name>.text:_system_pre_init</name>
         <load_address>0x40fc</load_address>
         <run_address>0x40fc</run_address>
         <size>0x4</size>
         <input_file_ref idref="fl-df"/>
      </object_component>
      <object_component id="oc-10f">
         <name>.text:abort:abort</name>
         <load_address>0x4100</load_address>
         <run_address>0x4100</run_address>
         <size>0x4</size>
         <input_file_ref idref="fl-e1"/>
      </object_component>
      <object_component id="oc-310">
         <name>.const:.string:_ctypes_</name>
         <load_address>0x4104</load_address>
         <run_address>0x4104</run_address>
         <size>0x101</size>
         <input_file_ref idref="fl-e6"/>
      </object_component>
      <object_component id="oc-19a">
         <name>.const:.string:$P$T0$3</name>
         <load_address>0x4205</load_address>
         <run_address>0x4205</run_address>
         <size>0xf</size>
         <input_file_ref idref="fl-9"/>
      </object_component>
      <object_component id="oc-243">
         <name>.const:.string:lineAddress$1</name>
         <load_address>0x4214</load_address>
         <run_address>0x4214</run_address>
         <size>0x4</size>
         <input_file_ref idref="fl-6"/>
      </object_component>
      <object_component id="oc-244">
         <name>.const:.string:lineAddresses$2</name>
         <load_address>0x4218</load_address>
         <run_address>0x4218</run_address>
         <size>0x4</size>
         <input_file_ref idref="fl-6"/>
      </object_component>
      <object_component id="oc-3e0">
         <name>.cinit..data.load</name>
         <load_address>0x4220</load_address>
         <run_address>0x4220</run_address>
         <size>0x27</size>
      </object_component>
      <object_component id="oc-3dd">
         <name>__TI_handler_table</name>
         <load_address>0x4248</load_address>
         <run_address>0x4248</run_address>
         <size>0xc</size>
      </object_component>
      <object_component id="oc-3e1">
         <name>.cinit..bss.load</name>
         <load_address>0x4258</load_address>
         <run_address>0x4258</run_address>
         <size>0x8</size>
      </object_component>
      <object_component id="oc-3df">
         <name>.cinit..vtable.load</name>
         <load_address>0x4260</load_address>
         <run_address>0x4260</run_address>
         <size>0x8</size>
      </object_component>
      <object_component id="oc-3de">
         <name>__TI_cinit_table</name>
         <load_address>0x4268</load_address>
         <run_address>0x4268</run_address>
         <size>0x18</size>
      </object_component>
      <object_component id="oc-1f7">
         <name>.vtable</name>
         <uninitialized>true</uninitialized>
         <run_address>0x20000000</run_address>
         <size>0x26c</size>
         <input_file_ref idref="fl-ef"/>
      </object_component>
      <object_component id="oc-216">
         <name>.data</name>
         <load_address>0x20000b1e</load_address>
         <run_address>0x20000b1e</run_address>
         <size>0x1</size>
         <input_file_ref idref="fl-2"/>
      </object_component>
      <object_component id="oc-22e">
         <name>.data</name>
         <load_address>0x20000b1f</load_address>
         <run_address>0x20000b1f</run_address>
         <size>0x1</size>
         <input_file_ref idref="fl-4"/>
      </object_component>
      <object_component id="oc-18d">
         <name>.data</name>
         <load_address>0x20000ae0</load_address>
         <run_address>0x20000ae0</run_address>
         <size>0x20</size>
         <input_file_ref idref="fl-9"/>
      </object_component>
      <object_component id="oc-1b6">
         <name>.data</name>
         <load_address>0x20000b10</load_address>
         <run_address>0x20000b10</run_address>
         <size>0x8</size>
         <input_file_ref idref="fl-b"/>
      </object_component>
      <object_component id="oc-100">
         <name>.data</name>
         <load_address>0x20000b1c</load_address>
         <run_address>0x20000b1c</run_address>
         <size>0x2</size>
         <input_file_ref idref="fl-d"/>
      </object_component>
      <object_component id="oc-257">
         <name>.data:$O1$$</name>
         <load_address>0x20000b08</load_address>
         <run_address>0x20000b08</run_address>
         <size>0x8</size>
         <input_file_ref idref="fl-d6"/>
      </object_component>
      <object_component id="oc-1db">
         <name>.data:$O1$$</name>
         <load_address>0x20000b00</load_address>
         <run_address>0x20000b00</run_address>
         <size>0x8</size>
         <input_file_ref idref="fl-e2"/>
      </object_component>
      <object_component id="oc-35d">
         <name>.data</name>
         <load_address>0x20000b18</load_address>
         <run_address>0x20000b18</run_address>
         <size>0x4</size>
         <input_file_ref idref="fl-e9"/>
      </object_component>
      <object_component id="oc-245">
         <name>.bss:lastbuffer$3</name>
         <uninitialized>true</uninitialized>
         <run_address>0x20000a70</run_address>
         <size>0x54</size>
         <input_file_ref idref="fl-6"/>
      </object_component>
      <object_component id="oc-1a7">
         <name>.bss:firmware$2</name>
         <uninitialized>true</uninitialized>
         <run_address>0x20000ac4</run_address>
         <size>0x18</size>
         <input_file_ref idref="fl-9"/>
      </object_component>
      <object_component id="oc-219">
         <name>.common:_timeout_ticks</name>
         <uninitialized>true</uninitialized>
         <run_address>0x20000adc</run_address>
         <size>0x4</size>
      </object_component>
      <object_component id="oc-24">
         <name>.sysmem</name>
         <uninitialized>true</uninitialized>
         <run_address>0x20000670</run_address>
         <size>0x10</size>
         <input_file_ref idref="fl-d6"/>
      </object_component>
      <object_component id="oc-3e4">
         <name>.sysmem</name>
         <uninitialized>true</uninitialized>
         <run_address>0x20000670</run_address>
         <size>0x0</size>
      </object_component>
      <object_component id="oc-27">
         <name>.stack</name>
         <uninitialized>true</uninitialized>
         <run_address>0x20000270</run_address>
         <size>0x4</size>
         <input_file_ref idref="fl-da"/>
      </object_component>
      <object_component id="oc-3e3">
         <name>.stack</name>
         <uninitialized>true</uninitialized>
         <run_address>0x20000270</run_address>
         <size>0x0</size>
      </object_component>
      <object_component id="oc-c5">
         <name>.debug_info</name>
         <load_address>0x0</load_address>
         <run_address>0x0</run_address>
         <size>0x2dc</size>
         <input_file_ref idref="fl-2"/>
      </object_component>
      <object_component id="oc-217">
         <name>.debug_info</name>
         <load_address>0x2dc</load_address>
         <run_address>0x2dc</run_address>
         <size>0xea</size>
         <input_file_ref idref="fl-2"/>
      </object_component>
      <object_component id="oc-176">
         <name>.debug_info</name>
         <load_address>0x3c6</load_address>
         <run_address>0x3c6</run_address>
         <size>0x532</size>
         <input_file_ref idref="fl-2"/>
      </object_component>
      <object_component id="oc-77">
         <name>.debug_info</name>
         <load_address>0x8f8</load_address>
         <run_address>0x8f8</run_address>
         <size>0x26b</size>
         <input_file_ref idref="fl-2"/>
      </object_component>
      <object_component id="oc-39">
         <name>.debug_info</name>
         <load_address>0xb63</load_address>
         <run_address>0xb63</run_address>
         <size>0x84</size>
         <input_file_ref idref="fl-2"/>
      </object_component>
      <object_component id="oc-c0">
         <name>.debug_info</name>
         <load_address>0xbe7</load_address>
         <run_address>0xbe7</run_address>
         <size>0x2a4</size>
         <input_file_ref idref="fl-2"/>
      </object_component>
      <object_component id="oc-7c">
         <name>.debug_info</name>
         <load_address>0xe8b</load_address>
         <run_address>0xe8b</run_address>
         <size>0xbb</size>
         <input_file_ref idref="fl-2"/>
      </object_component>
      <object_component id="oc-1ad">
         <name>.debug_info</name>
         <load_address>0xf46</load_address>
         <run_address>0xf46</run_address>
         <size>0x1a4</size>
         <input_file_ref idref="fl-4"/>
      </object_component>
      <object_component id="oc-25b">
         <name>.debug_info</name>
         <load_address>0x10ea</load_address>
         <run_address>0x10ea</run_address>
         <size>0x3be</size>
         <input_file_ref idref="fl-5"/>
      </object_component>
      <object_component id="oc-1c8">
         <name>.debug_info</name>
         <load_address>0x14a8</load_address>
         <run_address>0x14a8</run_address>
         <size>0x5aa</size>
         <input_file_ref idref="fl-5"/>
      </object_component>
      <object_component id="oc-1d2">
         <name>.debug_info</name>
         <load_address>0x1a52</load_address>
         <run_address>0x1a52</run_address>
         <size>0xcc</size>
         <input_file_ref idref="fl-5"/>
      </object_component>
      <object_component id="oc-248">
         <name>.debug_info</name>
         <load_address>0x1b1e</load_address>
         <run_address>0x1b1e</run_address>
         <size>0x2c</size>
         <input_file_ref idref="fl-5"/>
      </object_component>
      <object_component id="oc-1cd">
         <name>.debug_info</name>
         <load_address>0x1b4a</load_address>
         <run_address>0x1b4a</run_address>
         <size>0x35</size>
         <input_file_ref idref="fl-5"/>
      </object_component>
      <object_component id="oc-247">
         <name>.debug_info</name>
         <load_address>0x1b7f</load_address>
         <run_address>0x1b7f</run_address>
         <size>0x3aa</size>
         <input_file_ref idref="fl-6"/>
      </object_component>
      <object_component id="oc-232">
         <name>.debug_info</name>
         <load_address>0x1f29</load_address>
         <run_address>0x1f29</run_address>
         <size>0x13f</size>
         <input_file_ref idref="fl-6"/>
      </object_component>
      <object_component id="oc-1b3">
         <name>.debug_info</name>
         <load_address>0x2068</load_address>
         <run_address>0x2068</run_address>
         <size>0x8cb</size>
         <input_file_ref idref="fl-6"/>
      </object_component>
      <object_component id="oc-167">
         <name>.debug_info</name>
         <load_address>0x2933</load_address>
         <run_address>0x2933</run_address>
         <size>0x30b</size>
         <input_file_ref idref="fl-8"/>
      </object_component>
      <object_component id="oc-de">
         <name>.debug_info</name>
         <load_address>0x2c3e</load_address>
         <run_address>0x2c3e</run_address>
         <size>0x8ec</size>
         <input_file_ref idref="fl-8"/>
      </object_component>
      <object_component id="oc-104">
         <name>.debug_info</name>
         <load_address>0x352a</load_address>
         <run_address>0x352a</run_address>
         <size>0x8b</size>
         <input_file_ref idref="fl-8"/>
      </object_component>
      <object_component id="oc-1a9">
         <name>.debug_info</name>
         <load_address>0x35b5</load_address>
         <run_address>0x35b5</run_address>
         <size>0x427</size>
         <input_file_ref idref="fl-9"/>
      </object_component>
      <object_component id="oc-18e">
         <name>.debug_info</name>
         <load_address>0x39dc</load_address>
         <run_address>0x39dc</run_address>
         <size>0x13c</size>
         <input_file_ref idref="fl-9"/>
      </object_component>
      <object_component id="oc-19b">
         <name>.debug_info</name>
         <load_address>0x3b18</load_address>
         <run_address>0x3b18</run_address>
         <size>0xf1</size>
         <input_file_ref idref="fl-9"/>
      </object_component>
      <object_component id="oc-17c">
         <name>.debug_info</name>
         <load_address>0x3c09</load_address>
         <run_address>0x3c09</run_address>
         <size>0x169</size>
         <input_file_ref idref="fl-9"/>
      </object_component>
      <object_component id="oc-e5">
         <name>.debug_info</name>
         <load_address>0x3d72</load_address>
         <run_address>0x3d72</run_address>
         <size>0x19b3</size>
         <input_file_ref idref="fl-9"/>
      </object_component>
      <object_component id="oc-109">
         <name>.debug_info</name>
         <load_address>0x5725</load_address>
         <run_address>0x5725</run_address>
         <size>0x4de</size>
         <input_file_ref idref="fl-a"/>
      </object_component>
      <object_component id="oc-a3">
         <name>.debug_info</name>
         <load_address>0x5c03</load_address>
         <run_address>0x5c03</run_address>
         <size>0x679</size>
         <input_file_ref idref="fl-a"/>
      </object_component>
      <object_component id="oc-10a">
         <name>.debug_info</name>
         <load_address>0x627c</load_address>
         <run_address>0x627c</run_address>
         <size>0x93</size>
         <input_file_ref idref="fl-a"/>
      </object_component>
      <object_component id="oc-1b7">
         <name>.debug_info</name>
         <load_address>0x630f</load_address>
         <run_address>0x630f</run_address>
         <size>0x113</size>
         <input_file_ref idref="fl-b"/>
      </object_component>
      <object_component id="oc-ed">
         <name>.debug_info</name>
         <load_address>0x6422</load_address>
         <run_address>0x6422</run_address>
         <size>0x37c</size>
         <input_file_ref idref="fl-b"/>
      </object_component>
      <object_component id="oc-32">
         <name>.debug_info</name>
         <load_address>0x679e</load_address>
         <run_address>0x679e</run_address>
         <size>0x2c6</size>
         <input_file_ref idref="fl-c"/>
      </object_component>
      <object_component id="oc-13">
         <name>.debug_info</name>
         <load_address>0x6a64</load_address>
         <run_address>0x6a64</run_address>
         <size>0x105</size>
         <input_file_ref idref="fl-c"/>
      </object_component>
      <object_component id="oc-2c">
         <name>.debug_info</name>
         <load_address>0x6b69</load_address>
         <run_address>0x6b69</run_address>
         <size>0x281</size>
         <input_file_ref idref="fl-c"/>
      </object_component>
      <object_component id="oc-156">
         <name>.debug_info</name>
         <load_address>0x6dea</load_address>
         <run_address>0x6dea</run_address>
         <size>0x2b9</size>
         <input_file_ref idref="fl-d"/>
      </object_component>
      <object_component id="oc-101">
         <name>.debug_info</name>
         <load_address>0x70a3</load_address>
         <run_address>0x70a3</run_address>
         <size>0xee</size>
         <input_file_ref idref="fl-d"/>
      </object_component>
      <object_component id="oc-da">
         <name>.debug_info</name>
         <load_address>0x7191</load_address>
         <run_address>0x7191</run_address>
         <size>0x3a2</size>
         <input_file_ref idref="fl-d"/>
      </object_component>
      <object_component id="oc-2a5">
         <name>.debug_info</name>
         <load_address>0x7533</load_address>
         <run_address>0x7533</run_address>
         <size>0x340</size>
         <input_file_ref idref="fl-c8"/>
      </object_component>
      <object_component id="oc-239">
         <name>.debug_info</name>
         <load_address>0x7873</load_address>
         <run_address>0x7873</run_address>
         <size>0x208</size>
         <input_file_ref idref="fl-c8"/>
      </object_component>
      <object_component id="oc-29c">
         <name>.debug_info</name>
         <load_address>0x7a7b</load_address>
         <run_address>0x7a7b</run_address>
         <size>0x1c6</size>
         <input_file_ref idref="fl-c8"/>
      </object_component>
      <object_component id="oc-2a0">
         <name>.debug_info</name>
         <load_address>0x7c41</load_address>
         <run_address>0x7c41</run_address>
         <size>0x179</size>
         <input_file_ref idref="fl-c8"/>
      </object_component>
      <object_component id="oc-2a6">
         <name>.debug_info</name>
         <load_address>0x7dba</load_address>
         <run_address>0x7dba</run_address>
         <size>0x2c</size>
         <input_file_ref idref="fl-c8"/>
      </object_component>
      <object_component id="oc-2ab">
         <name>.debug_info</name>
         <load_address>0x7de6</load_address>
         <run_address>0x7de6</run_address>
         <size>0x69</size>
         <input_file_ref idref="fl-c8"/>
      </object_component>
      <object_component id="oc-159">
         <name>.debug_info</name>
         <load_address>0x7e4f</load_address>
         <run_address>0x7e4f</run_address>
         <size>0x14c</size>
         <input_file_ref idref="fl-c9"/>
      </object_component>
      <object_component id="oc-15f">
         <name>.debug_info</name>
         <load_address>0x7f9b</load_address>
         <run_address>0x7f9b</run_address>
         <size>0x128</size>
         <input_file_ref idref="fl-ca"/>
      </object_component>
      <object_component id="oc-162">
         <name>.debug_info</name>
         <load_address>0x80c3</load_address>
         <run_address>0x80c3</run_address>
         <size>0x12a</size>
         <input_file_ref idref="fl-ca"/>
      </object_component>
      <object_component id="oc-197">
         <name>.debug_info</name>
         <load_address>0x81ed</load_address>
         <run_address>0x81ed</run_address>
         <size>0x13a</size>
         <input_file_ref idref="fl-cb"/>
      </object_component>
      <object_component id="oc-193">
         <name>.debug_info</name>
         <load_address>0x8327</load_address>
         <run_address>0x8327</run_address>
         <size>0x13a</size>
         <input_file_ref idref="fl-cc"/>
      </object_component>
      <object_component id="oc-31c">
         <name>.debug_info</name>
         <load_address>0x8461</load_address>
         <run_address>0x8461</run_address>
         <size>0x12e</size>
         <input_file_ref idref="fl-cd"/>
      </object_component>
      <object_component id="oc-19e">
         <name>.debug_info</name>
         <load_address>0x858f</load_address>
         <run_address>0x858f</run_address>
         <size>0x13e</size>
         <input_file_ref idref="fl-ce"/>
      </object_component>
      <object_component id="oc-1a4">
         <name>.debug_info</name>
         <load_address>0x86cd</load_address>
         <run_address>0x86cd</run_address>
         <size>0x12c</size>
         <input_file_ref idref="fl-cf"/>
      </object_component>
      <object_component id="oc-f2">
         <name>.debug_info</name>
         <load_address>0x87f9</load_address>
         <run_address>0x87f9</run_address>
         <size>0x12c</size>
         <input_file_ref idref="fl-d0"/>
      </object_component>
      <object_component id="oc-40">
         <name>.debug_info</name>
         <load_address>0x8925</load_address>
         <run_address>0x8925</run_address>
         <size>0x119</size>
         <input_file_ref idref="fl-d1"/>
      </object_component>
      <object_component id="oc-95">
         <name>.debug_info</name>
         <load_address>0x8a3e</load_address>
         <run_address>0x8a3e</run_address>
         <size>0x2d4</size>
         <input_file_ref idref="fl-d3"/>
      </object_component>
      <object_component id="oc-4c">
         <name>.debug_info</name>
         <load_address>0x8d12</load_address>
         <run_address>0x8d12</run_address>
         <size>0x1d2</size>
         <input_file_ref idref="fl-d3"/>
      </object_component>
      <object_component id="oc-90">
         <name>.debug_info</name>
         <load_address>0x8ee4</load_address>
         <run_address>0x8ee4</run_address>
         <size>0x46</size>
         <input_file_ref idref="fl-d3"/>
      </object_component>
      <object_component id="oc-ce">
         <name>.debug_info</name>
         <load_address>0x8f2a</load_address>
         <run_address>0x8f2a</run_address>
         <size>0x2c</size>
         <input_file_ref idref="fl-d3"/>
      </object_component>
      <object_component id="oc-49">
         <name>.debug_info</name>
         <load_address>0x8f56</load_address>
         <run_address>0x8f56</run_address>
         <size>0x2a8</size>
         <input_file_ref idref="fl-d4"/>
      </object_component>
      <object_component id="oc-1d">
         <name>.debug_info</name>
         <load_address>0x91fe</load_address>
         <run_address>0x91fe</run_address>
         <size>0x1ea</size>
         <input_file_ref idref="fl-d4"/>
      </object_component>
      <object_component id="oc-44">
         <name>.debug_info</name>
         <load_address>0x93e8</load_address>
         <run_address>0x93e8</run_address>
         <size>0x46</size>
         <input_file_ref idref="fl-d4"/>
      </object_component>
      <object_component id="oc-88">
         <name>.debug_info</name>
         <load_address>0x942e</load_address>
         <run_address>0x942e</run_address>
         <size>0x2c</size>
         <input_file_ref idref="fl-d4"/>
      </object_component>
      <object_component id="oc-86">
         <name>.debug_info</name>
         <load_address>0x945a</load_address>
         <run_address>0x945a</run_address>
         <size>0x29e</size>
         <input_file_ref idref="fl-d5"/>
      </object_component>
      <object_component id="oc-17">
         <name>.debug_info</name>
         <load_address>0x96f8</load_address>
         <run_address>0x96f8</run_address>
         <size>0x250</size>
         <input_file_ref idref="fl-d5"/>
      </object_component>
      <object_component id="oc-34">
         <name>.debug_info</name>
         <load_address>0x9948</load_address>
         <run_address>0x9948</run_address>
         <size>0x60</size>
         <input_file_ref idref="fl-d5"/>
      </object_component>
      <object_component id="oc-c7">
         <name>.debug_info</name>
         <load_address>0x99a8</load_address>
         <run_address>0x99a8</run_address>
         <size>0x46</size>
         <input_file_ref idref="fl-d5"/>
      </object_component>
      <object_component id="oc-81">
         <name>.debug_info</name>
         <load_address>0x99ee</load_address>
         <run_address>0x99ee</run_address>
         <size>0x39</size>
         <input_file_ref idref="fl-d5"/>
      </object_component>
      <object_component id="oc-70">
         <name>.debug_info</name>
         <load_address>0x9a27</load_address>
         <run_address>0x9a27</run_address>
         <size>0x3b2</size>
         <input_file_ref idref="fl-d6"/>
      </object_component>
      <object_component id="oc-25">
         <name>.debug_info</name>
         <load_address>0x9dd9</load_address>
         <run_address>0x9dd9</run_address>
         <size>0x10c</size>
         <input_file_ref idref="fl-d6"/>
      </object_component>
      <object_component id="oc-258">
         <name>.debug_info</name>
         <load_address>0x9ee5</load_address>
         <run_address>0x9ee5</run_address>
         <size>0x13f</size>
         <input_file_ref idref="fl-d6"/>
      </object_component>
      <object_component id="oc-fb">
         <name>.debug_info</name>
         <load_address>0xa024</load_address>
         <run_address>0xa024</run_address>
         <size>0x168</size>
         <input_file_ref idref="fl-d6"/>
      </object_component>
      <object_component id="oc-20b">
         <name>.debug_info</name>
         <load_address>0xa18c</load_address>
         <run_address>0xa18c</run_address>
         <size>0x18e</size>
         <input_file_ref idref="fl-d6"/>
      </object_component>
      <object_component id="oc-211">
         <name>.debug_info</name>
         <load_address>0xa31a</load_address>
         <run_address>0xa31a</run_address>
         <size>0x19f</size>
         <input_file_ref idref="fl-d6"/>
      </object_component>
      <object_component id="oc-170">
         <name>.debug_info</name>
         <load_address>0xa4b9</load_address>
         <run_address>0xa4b9</run_address>
         <size>0x203</size>
         <input_file_ref idref="fl-d6"/>
      </object_component>
      <object_component id="oc-253">
         <name>.debug_info</name>
         <load_address>0xa6bc</load_address>
         <run_address>0xa6bc</run_address>
         <size>0x1db</size>
         <input_file_ref idref="fl-d6"/>
      </object_component>
      <object_component id="oc-16a">
         <name>.debug_info</name>
         <load_address>0xa897</load_address>
         <run_address>0xa897</run_address>
         <size>0x1a5</size>
         <input_file_ref idref="fl-d6"/>
      </object_component>
      <object_component id="oc-1bf">
         <name>.debug_info</name>
         <load_address>0xaa3c</load_address>
         <run_address>0xaa3c</run_address>
         <size>0x299</size>
         <input_file_ref idref="fl-d6"/>
      </object_component>
      <object_component id="oc-bb">
         <name>.debug_info</name>
         <load_address>0xacd5</load_address>
         <run_address>0xacd5</run_address>
         <size>0xb2</size>
         <input_file_ref idref="fl-d6"/>
      </object_component>
      <object_component id="oc-b6">
         <name>.debug_info</name>
         <load_address>0xad87</load_address>
         <run_address>0xad87</run_address>
         <size>0x2c</size>
         <input_file_ref idref="fl-d6"/>
      </object_component>
      <object_component id="oc-21c">
         <name>.debug_info</name>
         <load_address>0xadb3</load_address>
         <run_address>0xadb3</run_address>
         <size>0x28a</size>
         <input_file_ref idref="fl-d7"/>
      </object_component>
      <object_component id="oc-182">
         <name>.debug_info</name>
         <load_address>0xb03d</load_address>
         <run_address>0xb03d</run_address>
         <size>0x273</size>
         <input_file_ref idref="fl-d7"/>
      </object_component>
      <object_component id="oc-2b1">
         <name>.debug_info</name>
         <load_address>0xb2b0</load_address>
         <run_address>0xb2b0</run_address>
         <size>0x2a4</size>
         <input_file_ref idref="fl-d8"/>
      </object_component>
      <object_component id="oc-241">
         <name>.debug_info</name>
         <load_address>0xb554</load_address>
         <run_address>0xb554</run_address>
         <size>0x24d</size>
         <input_file_ref idref="fl-d8"/>
      </object_component>
      <object_component id="oc-1bc">
         <name>.debug_info</name>
         <load_address>0xb7a1</load_address>
         <run_address>0xb7a1</run_address>
         <size>0x28f</size>
         <input_file_ref idref="fl-d9"/>
      </object_component>
      <object_component id="oc-f6">
         <name>.debug_info</name>
         <load_address>0xba30</load_address>
         <run_address>0xba30</run_address>
         <size>0x245</size>
         <input_file_ref idref="fl-d9"/>
      </object_component>
      <object_component id="oc-28">
         <name>.debug_info</name>
         <load_address>0xbc75</load_address>
         <run_address>0xbc75</run_address>
         <size>0x10b</size>
         <input_file_ref idref="fl-da"/>
      </object_component>
      <object_component id="oc-5d">
         <name>.debug_info</name>
         <load_address>0xbd80</load_address>
         <run_address>0xbd80</run_address>
         <size>0x1a9</size>
         <input_file_ref idref="fl-da"/>
      </object_component>
      <object_component id="oc-2ff">
         <name>.debug_info</name>
         <load_address>0xbf29</load_address>
         <run_address>0xbf29</run_address>
         <size>0x590</size>
         <input_file_ref idref="fl-db"/>
      </object_component>
      <object_component id="oc-2d2">
         <name>.debug_info</name>
         <load_address>0xc4b9</load_address>
         <run_address>0xc4b9</run_address>
         <size>0x21e</size>
         <input_file_ref idref="fl-db"/>
      </object_component>
      <object_component id="oc-32a">
         <name>.debug_info</name>
         <load_address>0xc6d7</load_address>
         <run_address>0xc6d7</run_address>
         <size>0x1b3</size>
         <input_file_ref idref="fl-db"/>
      </object_component>
      <object_component id="oc-330">
         <name>.debug_info</name>
         <load_address>0xc88a</load_address>
         <run_address>0xc88a</run_address>
         <size>0x21b</size>
         <input_file_ref idref="fl-db"/>
      </object_component>
      <object_component id="oc-2d8">
         <name>.debug_info</name>
         <load_address>0xcaa5</load_address>
         <run_address>0xcaa5</run_address>
         <size>0x3c0</size>
         <input_file_ref idref="fl-db"/>
      </object_component>
      <object_component id="oc-337">
         <name>.debug_info</name>
         <load_address>0xce65</load_address>
         <run_address>0xce65</run_address>
         <size>0x30a</size>
         <input_file_ref idref="fl-db"/>
      </object_component>
      <object_component id="oc-33d">
         <name>.debug_info</name>
         <load_address>0xd16f</load_address>
         <run_address>0xd16f</run_address>
         <size>0x215</size>
         <input_file_ref idref="fl-db"/>
      </object_component>
      <object_component id="oc-2de">
         <name>.debug_info</name>
         <load_address>0xd384</load_address>
         <run_address>0xd384</run_address>
         <size>0x215</size>
         <input_file_ref idref="fl-db"/>
      </object_component>
      <object_component id="oc-2e4">
         <name>.debug_info</name>
         <load_address>0xd599</load_address>
         <run_address>0xd599</run_address>
         <size>0x304</size>
         <input_file_ref idref="fl-db"/>
      </object_component>
      <object_component id="oc-2ea">
         <name>.debug_info</name>
         <load_address>0xd89d</load_address>
         <run_address>0xd89d</run_address>
         <size>0x4b5</size>
         <input_file_ref idref="fl-db"/>
      </object_component>
      <object_component id="oc-295">
         <name>.debug_info</name>
         <load_address>0xdd52</load_address>
         <run_address>0xdd52</run_address>
         <size>0x5f4</size>
         <input_file_ref idref="fl-db"/>
      </object_component>
      <object_component id="oc-300">
         <name>.debug_info</name>
         <load_address>0xe346</load_address>
         <run_address>0xe346</run_address>
         <size>0x86</size>
         <input_file_ref idref="fl-db"/>
      </object_component>
      <object_component id="oc-364">
         <name>.debug_info</name>
         <load_address>0xe3cc</load_address>
         <run_address>0xe3cc</run_address>
         <size>0x39</size>
         <input_file_ref idref="fl-db"/>
      </object_component>
      <object_component id="oc-39e">
         <name>.debug_info</name>
         <load_address>0xe405</load_address>
         <run_address>0xe405</run_address>
         <size>0xb6</size>
         <input_file_ref idref="fl-db"/>
      </object_component>
      <object_component id="oc-369">
         <name>.debug_info</name>
         <load_address>0xe4bb</load_address>
         <run_address>0xe4bb</run_address>
         <size>0x46</size>
         <input_file_ref idref="fl-db"/>
      </object_component>
      <object_component id="oc-305">
         <name>.debug_info</name>
         <load_address>0xe501</load_address>
         <run_address>0xe501</run_address>
         <size>0x46</size>
         <input_file_ref idref="fl-db"/>
      </object_component>
      <object_component id="oc-97">
         <name>.debug_info</name>
         <load_address>0xe547</load_address>
         <run_address>0xe547</run_address>
         <size>0x147</size>
         <input_file_ref idref="fl-dc"/>
      </object_component>
      <object_component id="oc-318">
         <name>.debug_info</name>
         <load_address>0xe68e</load_address>
         <run_address>0xe68e</run_address>
         <size>0x134</size>
         <input_file_ref idref="fl-dd"/>
      </object_component>
      <object_component id="oc-1e2">
         <name>.debug_info</name>
         <load_address>0xe7c2</load_address>
         <run_address>0xe7c2</run_address>
         <size>0x4b3</size>
         <input_file_ref idref="fl-de"/>
      </object_component>
      <object_component id="oc-11e">
         <name>.debug_info</name>
         <load_address>0xec75</load_address>
         <run_address>0xec75</run_address>
         <size>0x1a6</size>
         <input_file_ref idref="fl-de"/>
      </object_component>
      <object_component id="oc-26c">
         <name>.debug_info</name>
         <load_address>0xee1b</load_address>
         <run_address>0xee1b</run_address>
         <size>0x39</size>
         <input_file_ref idref="fl-de"/>
      </object_component>
      <object_component id="oc-2bc">
         <name>.debug_info</name>
         <load_address>0xee54</load_address>
         <run_address>0xee54</run_address>
         <size>0x39</size>
         <input_file_ref idref="fl-de"/>
      </object_component>
      <object_component id="oc-271">
         <name>.debug_info</name>
         <load_address>0xee8d</load_address>
         <run_address>0xee8d</run_address>
         <size>0x39</size>
         <input_file_ref idref="fl-de"/>
      </object_component>
      <object_component id="oc-276">
         <name>.debug_info</name>
         <load_address>0xeec6</load_address>
         <run_address>0xeec6</run_address>
         <size>0xcd</size>
         <input_file_ref idref="fl-de"/>
      </object_component>
      <object_component id="oc-9e">
         <name>.debug_info</name>
         <load_address>0xef93</load_address>
         <run_address>0xef93</run_address>
         <size>0x153</size>
         <input_file_ref idref="fl-df"/>
      </object_component>
      <object_component id="oc-110">
         <name>.debug_info</name>
         <load_address>0xf0e6</load_address>
         <run_address>0xf0e6</run_address>
         <size>0x122</size>
         <input_file_ref idref="fl-e1"/>
      </object_component>
      <object_component id="oc-266">
         <name>.debug_info</name>
         <load_address>0xf208</load_address>
         <run_address>0xf208</run_address>
         <size>0x2c9</size>
         <input_file_ref idref="fl-e2"/>
      </object_component>
      <object_component id="oc-1dc">
         <name>.debug_info</name>
         <load_address>0xf4d1</load_address>
         <run_address>0xf4d1</run_address>
         <size>0x11e</size>
         <input_file_ref idref="fl-e2"/>
      </object_component>
      <object_component id="oc-25f">
         <name>.debug_info</name>
         <load_address>0xf5ef</load_address>
         <run_address>0xf5ef</run_address>
         <size>0x12e</size>
         <input_file_ref idref="fl-e2"/>
      </object_component>
      <object_component id="oc-37b">
         <name>.debug_info</name>
         <load_address>0xf71d</load_address>
         <run_address>0xf71d</run_address>
         <size>0x29c</size>
         <input_file_ref idref="fl-e3"/>
      </object_component>
      <object_component id="oc-322">
         <name>.debug_info</name>
         <load_address>0xf9b9</load_address>
         <run_address>0xf9b9</run_address>
         <size>0x1da</size>
         <input_file_ref idref="fl-e3"/>
      </object_component>
      <object_component id="oc-314">
         <name>.debug_info</name>
         <load_address>0xfb93</load_address>
         <run_address>0xfb93</run_address>
         <size>0x2b9</size>
         <input_file_ref idref="fl-e5"/>
      </object_component>
      <object_component id="oc-2ca">
         <name>.debug_info</name>
         <load_address>0xfe4c</load_address>
         <run_address>0xfe4c</run_address>
         <size>0x17c</size>
         <input_file_ref idref="fl-e5"/>
      </object_component>
      <object_component id="oc-370">
         <name>.debug_info</name>
         <load_address>0xffc8</load_address>
         <run_address>0xffc8</run_address>
         <size>0xf9</size>
         <input_file_ref idref="fl-e6"/>
      </object_component>
      <object_component id="oc-311">
         <name>.debug_info</name>
         <load_address>0x100c1</load_address>
         <run_address>0x100c1</run_address>
         <size>0x105</size>
         <input_file_ref idref="fl-e6"/>
      </object_component>
      <object_component id="oc-355">
         <name>.debug_info</name>
         <load_address>0x101c6</load_address>
         <run_address>0x101c6</run_address>
         <size>0x2a7</size>
         <input_file_ref idref="fl-e7"/>
      </object_component>
      <object_component id="oc-2ee">
         <name>.debug_info</name>
         <load_address>0x1046d</load_address>
         <run_address>0x1046d</run_address>
         <size>0x1b8</size>
         <input_file_ref idref="fl-e7"/>
      </object_component>
      <object_component id="oc-390">
         <name>.debug_info</name>
         <load_address>0x10625</load_address>
         <run_address>0x10625</run_address>
         <size>0x29a</size>
         <input_file_ref idref="fl-e8"/>
      </object_component>
      <object_component id="oc-351">
         <name>.debug_info</name>
         <load_address>0x108bf</load_address>
         <run_address>0x108bf</run_address>
         <size>0x262</size>
         <input_file_ref idref="fl-e8"/>
      </object_component>
      <object_component id="oc-361">
         <name>.debug_info</name>
         <load_address>0x10b21</load_address>
         <run_address>0x10b21</run_address>
         <size>0x289</size>
         <input_file_ref idref="fl-e9"/>
      </object_component>
      <object_component id="oc-35e">
         <name>.debug_info</name>
         <load_address>0x10daa</load_address>
         <run_address>0x10daa</run_address>
         <size>0x10e</size>
         <input_file_ref idref="fl-e9"/>
      </object_component>
      <object_component id="oc-2f9">
         <name>.debug_info</name>
         <load_address>0x10eb8</load_address>
         <run_address>0x10eb8</run_address>
         <size>0x14e</size>
         <input_file_ref idref="fl-e9"/>
      </object_component>
      <object_component id="oc-35c">
         <name>.debug_info</name>
         <load_address>0x11006</load_address>
         <run_address>0x11006</run_address>
         <size>0x28f</size>
         <input_file_ref idref="fl-ea"/>
      </object_component>
      <object_component id="oc-2f4">
         <name>.debug_info</name>
         <load_address>0x11295</load_address>
         <run_address>0x11295</run_address>
         <size>0x15a</size>
         <input_file_ref idref="fl-ea"/>
      </object_component>
      <object_component id="oc-393">
         <name>.debug_info</name>
         <load_address>0x113ef</load_address>
         <run_address>0x113ef</run_address>
         <size>0x46</size>
         <input_file_ref idref="fl-ea"/>
      </object_component>
      <object_component id="oc-357">
         <name>.debug_info</name>
         <load_address>0x11435</load_address>
         <run_address>0x11435</run_address>
         <size>0x39</size>
         <input_file_ref idref="fl-ea"/>
      </object_component>
      <object_component id="oc-381">
         <name>.debug_info</name>
         <load_address>0x1146e</load_address>
         <run_address>0x1146e</run_address>
         <size>0x295</size>
         <input_file_ref idref="fl-eb"/>
      </object_component>
      <object_component id="oc-342">
         <name>.debug_info</name>
         <load_address>0x11703</load_address>
         <run_address>0x11703</run_address>
         <size>0x195</size>
         <input_file_ref idref="fl-eb"/>
      </object_component>
      <object_component id="oc-3aa">
         <name>.debug_info</name>
         <load_address>0x11898</load_address>
         <run_address>0x11898</run_address>
         <size>0x39</size>
         <input_file_ref idref="fl-eb"/>
      </object_component>
      <object_component id="oc-382">
         <name>.debug_info</name>
         <load_address>0x118d1</load_address>
         <run_address>0x118d1</run_address>
         <size>0x2c</size>
         <input_file_ref idref="fl-eb"/>
      </object_component>
      <object_component id="oc-38e">
         <name>.debug_info</name>
         <load_address>0x118fd</load_address>
         <run_address>0x118fd</run_address>
         <size>0x2f8</size>
         <input_file_ref idref="fl-ec"/>
      </object_component>
      <object_component id="oc-348">
         <name>.debug_info</name>
         <load_address>0x11bf5</load_address>
         <run_address>0x11bf5</run_address>
         <size>0x225</size>
         <input_file_ref idref="fl-ec"/>
      </object_component>
      <object_component id="oc-374">
         <name>.debug_info</name>
         <load_address>0x11e1a</load_address>
         <run_address>0x11e1a</run_address>
         <size>0x115</size>
         <input_file_ref idref="fl-ed"/>
      </object_component>
      <object_component id="oc-388">
         <name>.debug_info</name>
         <load_address>0x11f2f</load_address>
         <run_address>0x11f2f</run_address>
         <size>0x161</size>
         <input_file_ref idref="fl-ee"/>
      </object_component>
      <object_component id="oc-200">
         <name>.debug_info</name>
         <load_address>0x12090</load_address>
         <run_address>0x12090</run_address>
         <size>0x3b7</size>
         <input_file_ref idref="fl-ef"/>
      </object_component>
      <object_component id="oc-1f8">
         <name>.debug_info</name>
         <load_address>0x12447</load_address>
         <run_address>0x12447</run_address>
         <size>0x160</size>
         <input_file_ref idref="fl-ef"/>
      </object_component>
      <object_component id="oc-150">
         <name>.debug_info</name>
         <load_address>0x125a7</load_address>
         <run_address>0x125a7</run_address>
         <size>0x2ca</size>
         <input_file_ref idref="fl-ef"/>
      </object_component>
      <object_component id="oc-188">
         <name>.debug_info</name>
         <load_address>0x12871</load_address>
         <run_address>0x12871</run_address>
         <size>0x247</size>
         <input_file_ref idref="fl-ef"/>
      </object_component>
      <object_component id="oc-286">
         <name>.debug_info</name>
         <load_address>0x12ab8</load_address>
         <run_address>0x12ab8</run_address>
         <size>0x26b</size>
         <input_file_ref idref="fl-ef"/>
      </object_component>
      <object_component id="oc-27f">
         <name>.debug_info</name>
         <load_address>0x12d23</load_address>
         <run_address>0x12d23</run_address>
         <size>0x297</size>
         <input_file_ref idref="fl-ef"/>
      </object_component>
      <object_component id="oc-1fb">
         <name>.debug_info</name>
         <load_address>0x12fba</load_address>
         <run_address>0x12fba</run_address>
         <size>0xbb</size>
         <input_file_ref idref="fl-ef"/>
      </object_component>
      <object_component id="oc-220">
         <name>.debug_info</name>
         <load_address>0x13075</load_address>
         <run_address>0x13075</run_address>
         <size>0x21b</size>
         <input_file_ref idref="fl-f0"/>
      </object_component>
      <object_component id="oc-3e5">
         <name>.debug_info</name>
         <load_address>0x13290</load_address>
         <run_address>0x13290</run_address>
         <size>0xb8</size>
      </object_component>
      <object_component id="oc-14e">
         <name>.debug_line</name>
         <load_address>0x0</load_address>
         <run_address>0x0</run_address>
         <size>0x69</size>
         <input_file_ref idref="fl-2"/>
      </object_component>
      <object_component id="oc-28e">
         <name>.debug_line</name>
         <load_address>0x69</load_address>
         <run_address>0x69</run_address>
         <size>0x2e</size>
         <input_file_ref idref="fl-2"/>
      </object_component>
      <object_component id="oc-175">
         <name>.debug_line</name>
         <load_address>0x97</load_address>
         <run_address>0x97</run_address>
         <size>0x179</size>
         <input_file_ref idref="fl-2"/>
      </object_component>
      <object_component id="oc-7a">
         <name>.debug_line</name>
         <load_address>0x210</load_address>
         <run_address>0x210</run_address>
         <size>0x6f</size>
         <input_file_ref idref="fl-2"/>
      </object_component>
      <object_component id="oc-3c">
         <name>.debug_line</name>
         <load_address>0x27f</load_address>
         <run_address>0x27f</run_address>
         <size>0x20</size>
         <input_file_ref idref="fl-2"/>
      </object_component>
      <object_component id="oc-c3">
         <name>.debug_line</name>
         <load_address>0x29f</load_address>
         <run_address>0x29f</run_address>
         <size>0x73</size>
         <input_file_ref idref="fl-2"/>
      </object_component>
      <object_component id="oc-7f">
         <name>.debug_line</name>
         <load_address>0x312</load_address>
         <run_address>0x312</run_address>
         <size>0x70</size>
         <input_file_ref idref="fl-2"/>
      </object_component>
      <object_component id="oc-1ab">
         <name>.debug_line</name>
         <load_address>0x382</load_address>
         <run_address>0x382</run_address>
         <size>0x81</size>
         <input_file_ref idref="fl-4"/>
      </object_component>
      <object_component id="oc-2b8">
         <name>.debug_line</name>
         <load_address>0x403</load_address>
         <run_address>0x403</run_address>
         <size>0x61</size>
         <input_file_ref idref="fl-5"/>
      </object_component>
      <object_component id="oc-1cb">
         <name>.debug_line</name>
         <load_address>0x464</load_address>
         <run_address>0x464</run_address>
         <size>0x37</size>
         <input_file_ref idref="fl-5"/>
      </object_component>
      <object_component id="oc-1d5">
         <name>.debug_line</name>
         <load_address>0x49b</load_address>
         <run_address>0x49b</run_address>
         <size>0x6a</size>
         <input_file_ref idref="fl-5"/>
      </object_component>
      <object_component id="oc-24b">
         <name>.debug_line</name>
         <load_address>0x505</load_address>
         <run_address>0x505</run_address>
         <size>0x6b</size>
         <input_file_ref idref="fl-5"/>
      </object_component>
      <object_component id="oc-1d0">
         <name>.debug_line</name>
         <load_address>0x570</load_address>
         <run_address>0x570</run_address>
         <size>0x74</size>
         <input_file_ref idref="fl-5"/>
      </object_component>
      <object_component id="oc-2b3">
         <name>.debug_line</name>
         <load_address>0x5e4</load_address>
         <run_address>0x5e4</run_address>
         <size>0xc3</size>
         <input_file_ref idref="fl-6"/>
      </object_component>
      <object_component id="oc-235">
         <name>.debug_line</name>
         <load_address>0x6a7</load_address>
         <run_address>0x6a7</run_address>
         <size>0x45</size>
         <input_file_ref idref="fl-6"/>
      </object_component>
      <object_component id="oc-1b2">
         <name>.debug_line</name>
         <load_address>0x6ec</load_address>
         <run_address>0x6ec</run_address>
         <size>0x19c</size>
         <input_file_ref idref="fl-6"/>
      </object_component>
      <object_component id="oc-207">
         <name>.debug_line</name>
         <load_address>0x888</load_address>
         <run_address>0x888</run_address>
         <size>0x37</size>
         <input_file_ref idref="fl-8"/>
      </object_component>
      <object_component id="oc-e1">
         <name>.debug_line</name>
         <load_address>0x8bf</load_address>
         <run_address>0x8bf</run_address>
         <size>0x153</size>
         <input_file_ref idref="fl-8"/>
      </object_component>
      <object_component id="oc-107">
         <name>.debug_line</name>
         <load_address>0xa12</load_address>
         <run_address>0xa12</run_address>
         <size>0x20</size>
         <input_file_ref idref="fl-8"/>
      </object_component>
      <object_component id="oc-22d">
         <name>.debug_line</name>
         <load_address>0xa32</load_address>
         <run_address>0xa32</run_address>
         <size>0xff</size>
         <input_file_ref idref="fl-9"/>
      </object_component>
      <object_component id="oc-225">
         <name>.debug_line</name>
         <load_address>0xb31</load_address>
         <run_address>0xb31</run_address>
         <size>0x37</size>
         <input_file_ref idref="fl-9"/>
      </object_component>
      <object_component id="oc-229">
         <name>.debug_line</name>
         <load_address>0xb68</load_address>
         <run_address>0xb68</run_address>
         <size>0x37</size>
         <input_file_ref idref="fl-9"/>
      </object_component>
      <object_component id="oc-17f">
         <name>.debug_line</name>
         <load_address>0xb9f</load_address>
         <run_address>0xb9f</run_address>
         <size>0x4f</size>
         <input_file_ref idref="fl-9"/>
      </object_component>
      <object_component id="oc-e8">
         <name>.debug_line</name>
         <load_address>0xbee</load_address>
         <run_address>0xbee</run_address>
         <size>0x440</size>
         <input_file_ref idref="fl-9"/>
      </object_component>
      <object_component id="oc-1c7">
         <name>.debug_line</name>
         <load_address>0x102e</load_address>
         <run_address>0x102e</run_address>
         <size>0x10e</size>
         <input_file_ref idref="fl-a"/>
      </object_component>
[...]
         <object_component_ref idref="oc-1b0"/>
      </symbol>
      <symbol id="sm-f6">
         <name>lcd_init</name>
         <value>0x1919</value>
         <object_component_ref idref="oc-1b0"/>
      </symbol>
      <symbol id="sm-f7">
         <name>lcd_puts</name>
         <value>0x1a11</value>
         <object_component_ref idref="oc-1b0"/>
      </symbol>
      <symbol id="sm-f8">
         <name>lcd_putc</name>
         <value>0x19d9</value>
         <object_component_ref idref="oc-1b0"/>
      </symbol>
      <symbol id="sm-f9">
         <name>lcd_reverseNibble</name>
         <value>0x18dd</value>
         <object_component_ref idref="oc-1b0"/>
      </symbol>
      <symbol id="sm-fa">
         <name>lcd_gotoLine</name>
         <value>0x1ab1</value>
         <object_component_ref idref="oc-1b0"/>
      </symbol>
      <symbol id="sm-125">
         <name>move_forward_with_bumps</name>
         <value>0x1ccb</value>
         <object_component_ref idref="oc-dd"/>
      </symbol>
      <symbol id="sm-126">
         <name>move_forward</name>
         <value>0x1c05</value>
         <object_component_ref idref="oc-dd"/>
      </symbol>
      <symbol id="sm-127">
         <name>turn_clockwise</name>
         <value>0x1e49</value>
         <object_component_ref idref="oc-dd"/>
      </symbol>
      <symbol id="sm-128">
         <name>move_backward</name>
         <value>0x1c65</value>
         <object_component_ref idref="oc-dd"/>
      </symbol>
      <symbol id="sm-129">
         <name>move_forward_stop_bumps</name>
         <value>0x1dcf</value>
         <object_component_ref idref="oc-dd"/>
      </symbol>
      <symbol id="sm-1f2">
         <name>go_charge</name>
         <value>0x97f</value>
         <object_component_ref idref="oc-e3"/>
      </symbol>
      <symbol id="sm-1f3">
         <name>GPIOF_Handler</name>
         <value>0xbc3</value>
         <object_component_ref idref="oc-e3"/>
      </symbol>
      <symbol id="sm-1f4">
         <name>oi_free</name>
         <value>0x279</value>
         <object_component_ref idref="oc-e3"/>
      </symbol>
      <symbol id="sm-1f5">
         <name>oi_getMotorCalibrationRight</name>
         <value>0xe01</value>
         <object_component_ref idref="oc-e3"/>
      </symbol>
      <symbol id="sm-1f6">
         <name>oi_uartReceive</name>
         <value>0xa31</value>
         <object_component_ref idref="oc-e3"/>
      </symbol>
      <symbol id="sm-1f7">
         <name>oi_setWheels</name>
         <value>0x88f</value>
         <object_component_ref idref="oc-e3"/>
      </symbol>
      <symbol id="sm-1f8">
         <name>oi_shutoff_init</name>
         <value>0xb51</value>
         <object_component_ref idref="oc-e3"/>
      </symbol>
      <symbol id="sm-1f9">
         <name>motor_cal_factor_L</name>
         <value>0x20000ae0</value>
         <object_component_ref idref="oc-18d"/>
      </symbol>
      <symbol id="sm-1fa">
         <name>motor_cal_factor_R</name>
         <value>0x20000ae4</value>
         <object_component_ref idref="oc-18d"/>
      </symbol>
      <symbol id="sm-1fb">
         <name>oi_parseInt</name>
         <value>0x4027</value>
         <object_component_ref idref="oc-17a"/>
      </symbol>
      <symbol id="sm-1fc">
         <name>oi_setMotorCalibration</name>
         <value>0xdb1</value>
         <object_component_ref idref="oc-e3"/>
      </symbol>
      <symbol id="sm-1fd">
         <name>oi_uartSendStr</name>
         <value>0xa59</value>
         <object_component_ref idref="oc-e3"/>
      </symbol>
      <symbol id="sm-1fe">
         <name>oi_close</name>
         <value>0x2c7</value>
         <object_component_ref idref="oc-e3"/>
      </symbol>
      <symbol id="sm-1ff">
         <name>oi_uartSendBuff</name>
         <value>0xa77</value>
         <object_component_ref idref="oc-e3"/>
      </symbol>
      <symbol id="sm-200">
         <name>oi_checkFirmware</name>
         <value>0xaa9</value>
         <object_component_ref idref="oc-e3"/>
      </symbol>
      <symbol id="sm-201">
         <name>oi_init_noupdate</name>
         <value>0x289</value>
         <object_component_ref idref="oc-e3"/>
      </symbol>
      <symbol id="sm-202">
         <name>oi_uartSendChar</name>
         <value>0xa15</value>
         <object_component_ref idref="oc-e3"/>
      </symbol>
      <symbol id="sm-203">
         <name>oi_alloc</name>
         <value>0x26d</value>
         <object_component_ref idref="oc-e3"/>
      </symbol>
      <symbol id="sm-204">
         <name>oi_getMotorCalibrationLeft</name>
         <value>0xded</value>
         <object_component_ref idref="oc-e3"/>
      </symbol>
      <symbol id="sm-205">
         <name>oi_loadSong</name>
         <value>0x915</value>
         <object_component_ref idref="oc-e3"/>
      </symbol>
      <symbol id="sm-206">
         <name>oi_play_song</name>
         <value>0x96b</value>
         <object_component_ref idref="oc-e3"/>
      </symbol>
      <symbol id="sm-207">
         <name>oi_parsePacket</name>
         <value>0x32b</value>
         <object_component_ref idref="oc-e3"/>
      </symbol>
      <symbol id="sm-208">
         <name>oi_setLeds</name>
         <value>0x84b</value>
         <object_component_ref idref="oc-e3"/>
      </symbol>
      <symbol id="sm-209">
         <name>oi_init</name>
         <value>0x2b1</value>
         <object_component_ref idref="oc-e3"/>
      </symbol>
      <symbol id="sm-20a">
         <name>oi_update</name>
         <value>0x2d9</value>
         <object_component_ref idref="oc-e3"/>
      </symbol>
      <symbol id="sm-20b">
         <name>oi_uartInit</name>
         <value>0x98d</value>
         <object_component_ref idref="oc-e3"/>
      </symbol>
      <symbol id="sm-239">
         <name>add_obj</name>
         <value>0x25d9</value>
         <object_component_ref idref="oc-a2"/>
      </symbol>
      <symbol id="sm-23a">
         <name>auto_mode</name>
         <value>0x2509</value>
         <object_component_ref idref="oc-a2"/>
      </symbol>
      <symbol id="sm-23b">
         <name>main</name>
         <value>0x242d</value>
         <object_component_ref idref="oc-a2"/>
      </symbol>
      <symbol id="sm-23c">
         <name>print_string</name>
         <value>0x25b1</value>
         <object_component_ref idref="oc-a2"/>
      </symbol>
      <symbol id="sm-23d">
         <name>manual_mode</name>
         <value>0x2431</value>
         <object_component_ref idref="oc-a2"/>
      </symbol>
      <symbol id="sm-272">
         <name>end_value</name>
         <value>0x20000b14</value>
         <object_component_ref idref="oc-1b6"/>
      </symbol>
      <symbol id="sm-273">
         <name>servo_move</name>
         <value>0x2027</value>
         <object_component_ref idref="oc-e9"/>
      </symbol>
      <symbol id="sm-274">
         <name>start_value</name>
         <value>0x20000b10</value>
         <object_component_ref idref="oc-1b6"/>
      </symbol>
      <symbol id="sm-275">
         <name>servo_init</name>
         <value>0x1fa3</value>
         <object_component_ref idref="oc-e9"/>
      </symbol>
      <symbol id="sm-276">
         <name>servo_calibrate</name>
         <value>0x2061</value>
         <object_component_ref idref="oc-e9"/>
      </symbol>
      <symbol id="sm-292">
         <name>ResetISR</name>
         <value>0x40e1</value>
         <object_component_ref idref="oc-2a"/>
      </symbol>
      <symbol id="sm-293">
         <name>g_pfnVectors</name>
         <value>0x0</value>
         <object_component_ref idref="oc-12"/>
      </symbol>
      <symbol id="sm-2c8">
         <name>reverseBits</name>
         <value>0x296f</value>
         <object_component_ref idref="oc-d7"/>
      </symbol>
      <symbol id="sm-2c9">
         <name>d</name>
         <value>0x20000b1d</value>
         <object_component_ref idref="oc-100"/>
      </symbol>
      <symbol id="sm-2ca">
         <name>c</name>
         <value>0x20000b1c</value>
         <object_component_ref idref="oc-100"/>
      </symbol>
      <symbol id="sm-2cb">
         <name>uart_sendChar</name>
         <value>0x29cd</value>
         <object_component_ref idref="oc-d7"/>
      </symbol>
      <symbol id="sm-2cc">
         <name>uart_interrupt_init</name>
         <value>0x2a67</value>
         <object_component_ref idref="oc-d7"/>
      </symbol>
      <symbol id="sm-2cd">
         <name>uart_init</name>
         <value>0x28e5</value>
         <object_component_ref idref="oc-d7"/>
      </symbol>
      <symbol id="sm-2ce">
         <name>uart1_handler</name>
         <value>0x2a21</value>
         <object_component_ref idref="oc-d7"/>
      </symbol>
      <symbol id="sm-2cf">
         <name>uart_receive</name>
         <value>0x29e9</value>
         <object_component_ref idref="oc-d7"/>
      </symbol>
      <symbol id="sm-2d0">
         <name>uart_sendStr</name>
         <value>0x29fd</value>
         <object_component_ref idref="oc-d7"/>
      </symbol>
      <symbol id="sm-2ff">
         <name>vsnprintf</name>
         <value>0x3dc1</value>
         <object_component_ref idref="oc-237"/>
      </symbol>
      <symbol id="sm-316">
         <name>__aeabi_dsub</name>
         <value>0x2ca5</value>
         <object_component_ref idref="oc-157"/>
      </symbol>
      <symbol id="sm-317">
         <name>__aeabi_dadd</name>
         <value>0x2caf</value>
         <object_component_ref idref="oc-157"/>
      </symbol>
      <symbol id="sm-339">
         <name>__aeabi_cdcmpeq</name>
         <value>0x37c9</value>
         <object_component_ref idref="oc-15c"/>
      </symbol>
      <symbol id="sm-33a">
         <name>__aeabi_cdcmple</name>
         <value>0x37c9</value>
         <object_component_ref idref="oc-15c"/>
      </symbol>
      <symbol id="sm-33b">
         <name>__aeabi_cdrcmple</name>
         <value>0x384f</value>
         <object_component_ref idref="oc-161"/>
      </symbol>
      <symbol id="sm-34f">
         <name>__aeabi_ddiv</name>
         <value>0x2f99</value>
         <object_component_ref idref="oc-195"/>
      </symbol>
      <symbol id="sm-35a">
         <name>__aeabi_dmul</name>
         <value>0x3405</value>
         <object_component_ref idref="oc-190"/>
      </symbol>
      <symbol id="sm-364">
         <name>__aeabi_d2iz</name>
         <value>0x3d35</value>
         <object_component_ref idref="oc-31b"/>
      </symbol>
      <symbol id="sm-370">
         <name>__aeabi_d2f</name>
         <value>0x3ab3</value>
         <object_component_ref idref="oc-19d"/>
      </symbol>
      <symbol id="sm-37b">
         <name>__aeabi_f2d</name>
         <value>0x3e79</value>
         <object_component_ref idref="oc-1a2"/>
      </symbol>
      <symbol id="sm-385">
         <name>__aeabi_i2d</name>
         <value>0x3f49</value>
         <object_component_ref idref="oc-ef"/>
      </symbol>
      <symbol id="sm-3a0">
         <name>memcpy</name>
         <value>0x3697</value>
         <object_component_ref idref="oc-3e"/>
      </symbol>
      <symbol id="sm-3a1">
         <name>__aeabi_memcpy</name>
         <value>0x3697</value>
         <object_component_ref idref="oc-3e"/>
      </symbol>
      <symbol id="sm-3a2">
         <name>__aeabi_memcpy8</name>
         <value>0x3697</value>
         <object_component_ref idref="oc-3e"/>
      </symbol>
      <symbol id="sm-3a3">
         <name>__aeabi_memcpy4</name>
         <value>0x3697</value>
         <object_component_ref idref="oc-3e"/>
      </symbol>
      <symbol id="sm-3bd">
         <name>__TI_zero_init_nomemset</name>
         <value>0x3fa1</value>
         <object_component_ref idref="oc-4a"/>
      </symbol>
      <symbol id="sm-3d4">
         <name>__TI_decompress_none</name>
         <value>0x40c7</value>
         <object_component_ref idref="oc-1b"/>
      </symbol>
      <symbol id="sm-3f7">
         <name>__TI_decompress_lzss</name>
         <value>0x3b21</value>
         <object_component_ref idref="oc-15"/>
      </symbol>
      <symbol id="sm-48c">
         <name>_sys_memory</name>
         <value>0x20000670</value>
         <object_component_ref idref="oc-24"/>
      </symbol>
      <symbol id="sm-48d">
         <name>free</name>
         <value>0x3501</value>
         <object_component_ref idref="oc-16e"/>
      </symbol>
      <symbol id="sm-48e">
         <name>memalign</name>
         <value>0x3305</value>
         <object_component_ref idref="oc-1bd"/>
      </symbol>
      <symbol id="sm-48f">
         <name>calloc</name>
         <value>0x3e41</value>
         <object_component_ref idref="oc-168"/>
      </symbol>
      <symbol id="sm-490">
         <name>malloc</name>
         <value>0x40f5</value>
         <object_component_ref idref="oc-fa"/>
      </symbol>
      <symbol id="sm-491">
         <name>aligned_alloc</name>
         <value>0x3305</value>
         <object_component_ref idref="oc-1bd"/>
      </symbol>
      <symbol id="sm-4a0">
         <name>strcmp</name>
         <value>0x403f</value>
         <object_component_ref idref="oc-181"/>
      </symbol>
      <symbol id="sm-4ae">
         <name>strcpy</name>
         <value>0x406d</value>
         <object_component_ref idref="oc-23d"/>
      </symbol>
      <symbol id="sm-4bc">
         <name>strlen</name>
         <value>0x4081</value>
         <object_component_ref idref="oc-f4"/>
      </symbol>
      <symbol id="sm-4cf">
         <name>__stack</name>
         <value>0x20000270</value>
         <object_component_ref idref="oc-27"/>
      </symbol>
      <symbol id="sm-4d0">
         <name>_c_int00_noargs</name>
         <value>0x3ee5</value>
         <object_component_ref idref="oc-5c"/>
      </symbol>
      <symbol id="sm-635">
         <name>__TI_printfi</name>
         <value>0xe8d</value>
         <object_component_ref idref="oc-292"/>
      </symbol>
      <symbol id="sm-644">
         <name>__aeabi_memset</name>
         <value>0x395b</value>
         <object_component_ref idref="oc-96"/>
      </symbol>
      <symbol id="sm-645">
         <name>memset</name>
         <value>0x3961</value>
         <object_component_ref idref="oc-96"/>
      </symbol>
      <symbol id="sm-646">
         <name>__aeabi_memset8</name>
         <value>0x395b</value>
         <object_component_ref idref="oc-96"/>
      </symbol>
      <symbol id="sm-647">
         <name>__aeabi_memset4</name>
         <value>0x395b</value>
         <object_component_ref idref="oc-96"/>
      </symbol>
      <symbol id="sm-648">
         <name>__aeabi_memclr8</name>
         <value>0x3959</value>
         <object_component_ref idref="oc-96"/>
      </symbol>
      <symbol id="sm-649">
         <name>__aeabi_memclr4</name>
         <value>0x3959</value>
         <object_component_ref idref="oc-96"/>
      </symbol>
      <symbol id="sm-64a">
         <name>__aeabi_memclr</name>
         <value>0x3959</value>
         <object_component_ref idref="oc-96"/>
      </symbol>
      <symbol id="sm-657">
         <name>__aeabi_uldivmod</name>
         <value>0x3733</value>
         <object_component_ref idref="oc-315"/>
      </symbol>
      <symbol id="sm-67f">
         <name>__TI_auto_init_nobinit_nopinit</name>
         <value>0x3d7d</value>
         <object_component_ref idref="oc-11b"/>
      </symbol>
      <symbol id="sm-689">
         <name>_system_pre_init</name>
         <value>0x40fd</value>
         <object_component_ref idref="oc-9c"/>
      </symbol>
      <symbol id="sm-695">
         <name>C$$EXIT</name>
         <value>0x4101</value>
         <object_component_ref idref="oc-10f"/>
      </symbol>
      <symbol id="sm-696">
         <name>abort</name>
         <value>0x4101</value>
         <object_component_ref idref="oc-10f"/>
      </symbol>
      <symbol id="sm-6ab">
         <name>_nop</name>
         <value>0x18db</value>
         <object_component_ref idref="oc-25e"/>
      </symbol>
      <symbol id="sm-6ac">
         <name>_lock</name>
         <value>0x20000b00</value>
         <object_component_ref idref="oc-1db"/>
      </symbol>
      <symbol id="sm-6ad">
         <name>_unlock</name>
         <value>0x20000b04</value>
         <object_component_ref idref="oc-1db"/>
      </symbol>
      <symbol id="sm-6bc">
         <name>__TI_ltoa</name>
         <value>0x3c43</value>
         <object_component_ref idref="oc-320"/>
      </symbol>
      <symbol id="sm-6d3">
         <name>atoi</name>
         <value>0x3ce9</value>
         <object_component_ref idref="oc-2c8"/>
      </symbol>
      <symbol id="sm-6de">
         <name>_ctypes_</name>
         <value>0x4104</value>
         <object_component_ref idref="oc-310"/>
      </symbol>
      <symbol id="sm-6ee">
         <name>memccpy</name>
         <value>0x3fd9</value>
         <object_component_ref idref="oc-2ec"/>
      </symbol>
      <symbol id="sm-6fe">
         <name>strchr</name>
         <value>0x4057</value>
         <object_component_ref idref="oc-34d"/>
      </symbol>
      <symbol id="sm-714">
         <name>__aeabi_errno_addr</name>
         <value>0x40ed</value>
         <object_component_ref idref="oc-2f8"/>
      </symbol>
      <symbol id="sm-715">
         <name>errno</name>
         <value>0x20000b18</value>
         <object_component_ref idref="oc-35d"/>
      </symbol>
      <symbol id="sm-72e">
         <name>wcslen</name>
         <value>0x4095</value>
         <object_component_ref idref="oc-2f2"/>
      </symbol>
      <symbol id="sm-74e">
         <name>frexpl</name>
         <value>0x3b89</value>
         <object_component_ref idref="oc-341"/>
      </symbol>
      <symbol id="sm-74f">
         <name>frexp</name>
         <value>0x3b89</value>
         <object_component_ref idref="oc-341"/>
      </symbol>
      <symbol id="sm-76c">
         <name>scalbn</name>
         <value>0x31f5</value>
         <object_component_ref idref="oc-347"/>
      </symbol>
      <symbol id="sm-76d">
         <name>scalbnl</name>
         <value>0x31f5</value>
         <object_component_ref idref="oc-347"/>
      </symbol>
      <symbol id="sm-76e">
         <name>ldexpl</name>
         <value>0x31f5</value>
         <object_component_ref idref="oc-347"/>
      </symbol>
      <symbol id="sm-76f">
         <name>ldexp</name>
         <value>0x31f5</value>
         <object_component_ref idref="oc-347"/>
      </symbol>
      <symbol id="sm-779">
         <name>__aeabi_idiv0</name>
         <value>0x2e5b</value>
         <object_component_ref idref="oc-373"/>
      </symbol>
      <symbol id="sm-77a">
         <name>__aeabi_ldiv0</name>
         <value>0x2e5b</value>
         <object_component_ref idref="oc-373"/>
      </symbol>
      <symbol id="sm-784">
         <name>copysign</name>
         <value>0x3ff5</value>
         <object_component_ref idref="oc-387"/>
      </symbol>
      <symbol id="sm-785">
         <name>copysignl</name>
         <value>0x3ff5</value>
         <object_component_ref idref="oc-387"/>
      </symbol>
      <symbol id="sm-7b4">
         <name>IntRegister</name>
         <value>0x3eb1</value>
         <object_component_ref idref="oc-14f"/>
      </symbol>
      <symbol id="sm-7b5">
         <name>g_pfnRAMVectors</name>
         <value>0x20000000</value>
         <object_component_ref idref="oc-1f7"/>
      </symbol>
      <symbol id="sm-7b6">
         <name>IntMasterEnable</name>
         <value>0x40a7</value>
         <object_component_ref idref="oc-187"/>
      </symbol>
      <symbol id="sm-7c0">
         <name>CPUcpsie</name>
         <value>0x40d5</value>
         <object_component_ref idref="oc-21d"/>
      </symbol>
      <symbol id="sm-7c1">
         <name>__TI_static_base__</name>
         <value>0x0</value>
      </symbol>
      <symbol id="sm-7c4">
         <name>__mpu_init</name>
         <value>0x0</value>
      </symbol>
      <symbol id="sm-7c5">
         <name>_system_post_cinit</name>
         <value>0x0</value>
      </symbol>
   </symbol_table>
   <title>Link successful</title>
</link_info>
